Archive member included to satisfy reference by file (symbol)

C:/ST/STM32CubeIDE_1.10.1/STM32CubeIDE/plugins/com.st.stm32cube.ide.mcu.externaltools.gnu-tools-for-stm32.11.3.rel1.win32_1.1.0.202305231506/tools/bin/../lib/gcc/arm-none-eabi/11.3.1/../../../../arm-none-eabi/lib/thumb/v7e-m+fp/hard\libc_nano.a(libc_a-exit.o)
                              C:/ST/STM32CubeIDE_1.10.1/STM32CubeIDE/plugins/com.st.stm32cube.ide.mcu.externaltools.gnu-tools-for-stm32.11.3.rel1.win32_1.1.0.202305231506/tools/bin/../lib/gcc/arm-none-eabi/11.3.1/../../../../arm-none-eabi/lib/thumb/v7e-m+fp/hard/crt0.o (exit)
C:/ST/STM32CubeIDE_1.10.1/STM32CubeIDE/plugins/com.st.stm32cube.ide.mcu.externaltools.gnu-tools-for-stm32.11.3.rel1.win32_1.1.0.202305231506/tools/bin/../lib/gcc/arm-none-eabi/11.3.1/../../../../arm-none-eabi/lib/thumb/v7e-m+fp/hard\libc_nano.a(libc_a-findfp.o)
                              C:/ST/STM32CubeIDE_1.10.1/STM32CubeIDE/plugins/com.st.stm32cube.ide.mcu.externaltools.gnu-tools-for-stm32.11.3.rel1.win32_1.1.0.202305231506/tools/bin/../lib/gcc/arm-none-eabi/11.3.1/../../../../arm-none-eabi/lib/thumb/v7e-m+fp/hard\libc_nano.a(libc_a-exit.o) (__stdio_exit_handler)
C:/ST/STM32CubeIDE_1.10.1/STM32CubeIDE/plugins/com.st.stm32cube.ide.mcu.externaltools.gnu-tools-for-stm32.11.3.rel1.win32_1.1.0.202305231506/tools/bin/../lib/gcc/arm-none-eabi/11.3.1/../../../../arm-none-eabi/lib/thumb/v7e-m+fp/hard\libc_nano.a(libc_a-fwalk.o)
                              C:/ST/STM32CubeIDE_1.10.1/STM32CubeIDE/plugins/com.st.stm32cube.ide.mcu.externaltools.gnu-tools-for-stm32.11.3.rel1.win32_1.1.0.202305231506/tools/bin/../lib/gcc/arm-none-eabi/11.3.1/../../../../arm-none-eabi/lib/thumb/v7e-m+fp/hard\libc_nano.a(libc_a-findfp.o) (_fwalk_sglue)
C:/ST/STM32CubeIDE_1.10.1/STM32CubeIDE/plugins/com.st.stm32cube.ide.mcu.externaltools.gnu-tools-for-stm32.11.3.rel1.win32_1.1.0.202305231506/tools/bin/../lib/gcc/arm-none-eabi/11.3.1/../../../../arm-none-eabi/lib/thumb/v7e-m+fp/hard\libc_nano.a(libc_a-snprintf.o)
                              ./Core/Src/ssd1306_tests.o (snprintf)
C:/ST/STM32CubeIDE_1.10.1/STM32CubeIDE/plugins/com.st.stm32cube.ide.mcu.externaltools.gnu-tools-for-stm32.11.3.rel1.win32_1.1.0.202305231506/tools/bin/../lib/gcc/arm-none-eabi/11.3.1/../../../../arm-none-eabi/lib/thumb/v7e-m+fp/hard\libc_nano.a(libc_a-stdio.o)
                              C:/ST/STM32CubeIDE_1.10.1/STM32CubeIDE/plugins/com.st.stm32cube.ide.mcu.externaltools.gnu-tools-for-stm32.11.3.rel1.win32_1.1.0.202305231506/tools/bin/../lib/gcc/arm-none-eabi/11.3.1/../../../../arm-none-eabi/lib/thumb/v7e-m+fp/hard\libc_nano.a(libc_a-findfp.o) (__sread)
C:/ST/STM32CubeIDE_1.10.1/STM32CubeIDE/plugins/com.st.stm32cube.ide.mcu.externaltools.gnu-tools-for-stm32.11.3.rel1.win32_1.1.0.202305231506/tools/bin/../lib/gcc/arm-none-eabi/11.3.1/../../../../arm-none-eabi/lib/thumb/v7e-m+fp/hard\libc_nano.a(libc_a-memmove.o)
                              ./Core/Src/ssd1306_tests.o (memmove)
C:/ST/STM32CubeIDE_1.10.1/STM32CubeIDE/plugins/com.st.stm32cube.ide.mcu.externaltools.gnu-tools-for-stm32.11.3.rel1.win32_1.1.0.202305231506/tools/bin/../lib/gcc/arm-none-eabi/11.3.1/../../../../arm-none-eabi/lib/thumb/v7e-m+fp/hard\libc_nano.a(libc_a-memset.o)
                              C:/ST/STM32CubeIDE_1.10.1/STM32CubeIDE/plugins/com.st.stm32cube.ide.mcu.externaltools.gnu-tools-for-stm32.11.3.rel1.win32_1.1.0.202305231506/tools/bin/../lib/gcc/arm-none-eabi/11.3.1/../../../../arm-none-eabi/lib/thumb/v7e-m+fp/hard/crt0.o (memset)
C:/ST/STM32CubeIDE_1.10.1/STM32CubeIDE/plugins/com.st.stm32cube.ide.mcu.externaltools.gnu-tools-for-stm32.11.3.rel1.win32_1.1.0.202305231506/tools/bin/../lib/gcc/arm-none-eabi/11.3.1/../../../../arm-none-eabi/lib/thumb/v7e-m+fp/hard\libc_nano.a(libc_a-closer.o)
                              C:/ST/STM32CubeIDE_1.10.1/STM32CubeIDE/plugins/com.st.stm32cube.ide.mcu.externaltools.gnu-tools-for-stm32.11.3.rel1.win32_1.1.0.202305231506/tools/bin/../lib/gcc/arm-none-eabi/11.3.1/../../../../arm-none-eabi/lib/thumb/v7e-m+fp/hard\libc_nano.a(libc_a-stdio.o) (_close_r)
C:/ST/STM32CubeIDE_1.10.1/STM32CubeIDE/plugins/com.st.stm32cube.ide.mcu.externaltools.gnu-tools-for-stm32.11.3.rel1.win32_1.1.0.202305231506/tools/bin/../lib/gcc/arm-none-eabi/11.3.1/../../../../arm-none-eabi/lib/thumb/v7e-m+fp/hard\libc_nano.a(libc_a-reent.o)
                              C:/ST/STM32CubeIDE_1.10.1/STM32CubeIDE/plugins/com.st.stm32cube.ide.mcu.externaltools.gnu-tools-for-stm32.11.3.rel1.win32_1.1.0.202305231506/tools/bin/../lib/gcc/arm-none-eabi/11.3.1/../../../../arm-none-eabi/lib/thumb/v7e-m+fp/hard\libc_nano.a(libc_a-closer.o) (errno)
C:/ST/STM32CubeIDE_1.10.1/STM32CubeIDE/plugins/com.st.stm32cube.ide.mcu.externaltools.gnu-tools-for-stm32.11.3.rel1.win32_1.1.0.202305231506/tools/bin/../lib/gcc/arm-none-eabi/11.3.1/../../../../arm-none-eabi/lib/thumb/v7e-m+fp/hard\libc_nano.a(libc_a-impure.o)
[...]
Memory Configuration

Name             Origin             Length             Attributes
RAM              0x0000000020000000 0x0000000000010000 xrw
FLASH            0x0000000008000000 0x0000000000040000 xr
*default*        0x0000000000000000 0xffffffffffffffff

Linker script and memory map

LOAD C:/ST/STM32CubeIDE_1.10.1/STM32CubeIDE/plugins/com.st.stm32cube.ide.mcu.externaltools.gnu-tools-for-stm32.11.3.rel1.win32_1.1.0.202305231506/tools/bin/../lib/gcc/arm-none-eabi/11.3.1/thumb/v7e-m+fp/hard/crti.o
LOAD C:/ST/STM32CubeIDE_1.10.1/STM32CubeIDE/plugins/com.st.stm32cube.ide.mcu.externaltools.gnu-tools-for-stm32.11.3.rel1.win32_1.1.0.202305231506/tools/bin/../lib/gcc/arm-none-eabi/11.3.1/thumb/v7e-m+fp/hard/crtbegin.o
LOAD C:/ST/STM32CubeIDE_1.10.1/STM32CubeIDE/plugins/com.st.stm32cube.ide.mcu.externaltools.gnu-tools-for-stm32.11.3.rel1.win32_1.1.0.202305231506/tools/bin/../lib/gcc/arm-none-eabi/11.3.1/../../../../arm-none-eabi/lib/thumb/v7e-m+fp/hard/crt0.o
LOAD ./Core/Src/main.o
LOAD ./Core/Src/ssd1306.o
LOAD ./Core/Src/ssd1306_fonts.o
LOAD ./Core/Src/ssd1306_tests.o
LOAD ./Core/Src/stm32f4xx_hal_msp.o
LOAD ./Core/Src/stm32f4xx_it.o
LOAD ./Core/Src/syscalls.o
LOAD ./Core/Src/sysmem.o
LOAD ./Core/Src/system_stm32f4xx.o
LOAD ./Core/Startup/startup_stm32f401ccux.o
LOAD ./Drivers/STM32F4xx_HAL_Driver/Src/stm32f4xx_hal.o
LOAD ./Drivers/STM32F4xx_HAL_Driver/Src/stm32f4xx_hal_cortex.o
LOAD ./Drivers/STM32F4xx_HAL_Driver/Src/stm32f4xx_hal_dma.o
LOAD ./Drivers/STM32F4xx_HAL_Driver/Src/stm32f4xx_hal_dma_ex.o
LOAD ./Drivers/STM32F4xx_HAL_Driver/Src/stm32f4xx_hal_exti.o
LOAD ./Drivers/STM32F4xx_HAL_Driver/Src/stm32f4xx_hal_flash.o
LOAD ./Drivers/STM32F4xx_HAL_Driver/Src/stm32f4xx_hal_flash_ex.o
LOAD ./Drivers/STM32F4xx_HAL_Driver/Src/stm32f4xx_hal_flash_ramfunc.o
LOAD ./Drivers/STM32F4xx_HAL_Driver/Src/stm32f4xx_hal_gpio.o
LOAD ./Drivers/STM32F4xx_HAL_Driver/Src/stm32f4xx_hal_i2c.o
LOAD ./Drivers/STM32F4xx_HAL_Driver/Src/stm32f4xx_hal_i2c_ex.o
LOAD ./Drivers/STM32F4xx_HAL_Driver/Src/stm32f4xx_hal_pwr.o
LOAD ./Drivers/STM32F4xx_HAL_Driver/Src/stm32f4xx_hal_pwr_ex.o
LOAD ./Drivers/STM32F4xx_HAL_Driver/Src/stm32f4xx_hal_rcc.o
LOAD ./Drivers/STM32F4xx_HAL_Driver/Src/stm32f4xx_hal_rcc_ex.o
START GROUP
LOAD C:/ST/STM32CubeIDE_1.10.1/STM32CubeIDE/plugins/com.st.stm32cube.ide.mcu.externaltools.gnu-tools-for-stm32.11.3.rel1.win32_1.1.0.202305231506/tools/bin/../lib/gcc/arm-none-eabi/11.3.1/../../../../arm-none-eabi/lib/thumb/v7e-m+fp/hard\libc_nano.a
LOAD C:/ST/STM32CubeIDE_1.10.1/STM32CubeIDE/plugins/com.st.stm32cube.ide.mcu.externaltools.gnu-tools-for-stm32.11.3.rel1.win32_1.1.0.202305231506/tools/bin/../lib/gcc/arm-none-eabi/11.3.1/../../../../arm-none-eabi/lib/thumb/v7e-m+fp/hard\libm.a
END GROUP
START GROUP
LOAD C:/ST/STM32CubeIDE_1.10.1/STM32CubeIDE/plugins/com.st.stm32cube.ide.mcu.externaltools.gnu-tools-for-stm32.11.3.rel1.win32_1.1.0.202305231506/tools/bin/../lib/gcc/arm-none-eabi/11.3.1/thumb/v7e-m+fp/hard\libgcc.a
LOAD C:/ST/STM32CubeIDE_1.10.1/STM32CubeIDE/plugins/com.st.stm32cube.ide.mcu.externaltools.gnu-tools-for-stm32.11.3.rel1.win32_1.1.0.202305231506/tools/bin/../lib/gcc/arm-none-eabi/11.3.1/../../../../arm-none-eabi/lib/thumb/v7e-m+fp/hard\libc_nano.a
END GROUP
START GROUP
LOAD C:/ST/STM32CubeIDE_1.10.1/STM32CubeIDE/plugins/com.st.stm32cube.ide.mcu.externaltools.gnu-tools-for-stm32.11.3.rel1.win32_1.1.0.202305231506/tools/bin/../lib/gcc/arm-none-eabi/11.3.1/thumb/v7e-m+fp/hard\libgcc.a
LOAD C:/ST/STM32CubeIDE_1.10.1/STM32CubeIDE/plugins/com.st.stm32cube.ide.mcu.externaltools.gnu-tools-for-stm32.11.3.rel1.win32_1.1.0.202305231506/tools/bin/../lib/gcc/arm-none-eabi/11.3.1/../../../../arm-none-eabi/lib/thumb/v7e-m+fp/hard\libc_nano.a
LOAD C:/ST/STM32CubeIDE_1.10.1/STM32CubeIDE/plugins/com.st.stm32cube.ide.mcu.externaltools.gnu-tools-for-stm32.11.3.rel1.win32_1.1.0.202305231506/tools/bin/../lib/gcc/arm-none-eabi/11.3.1/../../../../arm-none-eabi/lib/thumb/v7e-m+fp/hard\libnosys.a
END GROUP
START GROUP
LOAD C:/ST/STM32CubeIDE_1.10.1/STM32CubeIDE/plugins/com.st.stm32cube.ide.mcu.externaltools.gnu-tools-for-stm32.11.3.rel1.win32_1.1.0.202305231506/tools/bin/../lib/gcc/arm-none-eabi/11.3.1/thumb/v7e-m+fp/hard\libgcc.a
LOAD C:/ST/STM32CubeIDE_1.10.1/STM32CubeIDE/plugins/com.st.stm32cube.ide.mcu.externaltools.gnu-tools-for-stm32.11.3.rel1.win32_1.1.0.202305231506/tools/bin/../lib/gcc/arm-none-eabi/11.3.1/../../../../arm-none-eabi/lib/thumb/v7e-m+fp/hard\libc_nano.a
LOAD C:/ST/STM32CubeIDE_1.10.1/STM32CubeIDE/plugins/com.st.stm32cube.ide.mcu.externaltools.gnu-tools-for-stm32.11.3.rel1.win32_1.1.0.202305231506/tools/bin/../lib/gcc/arm-none-eabi/11.3.1/../../../../arm-none-eabi/lib/thumb/v7e-m+fp/hard\libnosys.a
END GROUP
LOAD C:/ST/STM32CubeIDE_1.10.1/STM32CubeIDE/plugins/com.st.stm32cube.ide.mcu.externaltools.gnu-tools-for-stm32.11.3.rel1.win32_1.1.0.202305231506/tools/bin/../lib/gcc/arm-none-eabi/11.3.1/thumb/v7e-m+fp/hard/crtend.o
LOAD C:/ST/STM32CubeIDE_1.10.1/STM32CubeIDE/plugins/com.st.stm32cube.ide.mcu.externaltools.gnu-tools-for-stm32.11.3.rel1.win32_1.1.0.202305231506/tools/bin/../lib/gcc/arm-none-eabi/11.3.1/thumb/v7e-m+fp/hard/crtn.o
                0x0000000020010000                _estack = (ORIGIN (RAM) + LENGTH (RAM))
                0x0000000000000200                _Min_Heap_Size = 0x200
                0x0000000000000400                _Min_Stack_Size = 0x400

.isr_vector     0x0000000008000000      0x194
                0x0000000008000000                . = ALIGN (0x4)
 *(.isr_vector)
 .isr_vector    0x0000000008000000      0x194 ./Core/Startup/startup_stm32f401ccux.o
                0x0000000008000000                g_pfnVectors
                0x0000000008000194                . = ALIGN (0x4)

.text           0x00000000080001a0     0x5258
                0x00000000080001a0                . = ALIGN (0x4)
 *(.text)
 .text          0x00000000080001a0       0x40 C:/ST/STM32CubeIDE_1.10.1/STM32CubeIDE/plugins/com.st.stm32cube.ide.mcu.externaltools.gnu-tools-for-stm32.11.3.rel1.win32_1.1.0.202305231506/tools/bin/../lib/gcc/arm-none-eabi/11.3.1/thumb/v7e-m+fp/hard/crtbegin.o
 .text          0x00000000080001e0       0xa0 C:/ST/STM32CubeIDE_1.10.1/STM32CubeIDE/plugins/com.st.stm32cube.ide.mcu.externaltools.gnu-tools-for-stm32.11.3.rel1.win32_1.1.0.202305231506/tools/bin/../lib/gcc/arm-none-eabi/11.3.1/../../../../arm-none-eabi/lib/thumb/v7e-m+fp/hard\libc_nano.a(libc_a-memchr.o)
                0x00000000080001e0                memchr
 .text          0x0000000008000280      0x378 C:/ST/STM32CubeIDE_1.10.1/STM32CubeIDE/plugins/com.st.stm32cube.ide.mcu.externaltools.gnu-tools-for-stm32.11.3.rel1.win32_1.1.0.202305231506/tools/bin/../lib/gcc/arm-none-eabi/11.3.1/thumb/v7e-m+fp/hard\libgcc.a(_arm_addsubdf3.o)
                0x0000000008000280                __aeabi_drsub
                0x0000000008000288                __aeabi_dsub
                0x0000000008000288                __subdf3
                0x000000000800028c                __aeabi_dadd
                0x000000000800028c                __adddf3
                0x0000000008000504                __floatunsidf
                0x0000000008000504                __aeabi_ui2d
                0x0000000008000524                __floatsidf
                0x0000000008000524                __aeabi_i2d
                0x0000000008000548                __aeabi_f2d
                0x0000000008000548                __extendsfdf2
                0x000000000800058c                __floatundidf
                0x000000000800058c                __aeabi_ul2d
                0x000000000800059c                __floatdidf
                0x000000000800059c                __aeabi_l2d
 .text          0x00000000080005f8      0x424 C:/ST/STM32CubeIDE_1.10.1/STM32CubeIDE/plugins/com.st.stm32cube.ide.mcu.externaltools.gnu-tools-for-stm32.11.3.rel1.win32_1.1.0.202305231506/tools/bin/../lib/gcc/arm-none-eabi/11.3.1/thumb/v7e-m+fp/hard\libgcc.a(_arm_muldivdf3.o)
                0x00000000080005f8                __aeabi_dmul
                0x00000000080005f8                __muldf3
                0x000000000800084c                __divdf3
                0x000000000800084c                __aeabi_ddiv
 .text          0x0000000008000a1c       0x50 C:/ST/STM32CubeIDE_1.10.1/STM32CubeIDE/plugins/com.st.stm32cube.ide.mcu.externaltools.gnu-tools-for-stm32.11.3.rel1.win32_1.1.0.202305231506/tools/bin/../lib/gcc/arm-none-eabi/11.3.1/thumb/v7e-m+fp/hard\libgcc.a(_arm_fixdfsi.o)
                0x0000000008000a1c                __aeabi_d2iz
                0x0000000008000a1c                __fixdfsi
 .text          0x0000000008000a6c       0x30 C:/ST/STM32CubeIDE_1.10.1/STM32CubeIDE/plugins/com.st.stm32cube.ide.mcu.externaltools.gnu-tools-for-stm32.11.3.rel1.win32_1.1.0.202305231506/tools/bin/../lib/gcc/arm-none-eabi/11.3.1/thumb/v7e-m+fp/hard\libgcc.a(_aeabi_uldivmod.o)
                0x0000000008000a6c                __aeabi_uldivmod
 .text          0x0000000008000a9c      0x2c8 C:/ST/STM32CubeIDE_1.10.1/STM32CubeIDE/plugins/com.st.stm32cube.ide.mcu.externaltools.gnu-tools-for-stm32.11.3.rel1.win32_1.1.0.202305231506/tools/bin/../lib/gcc/arm-none-eabi/11.3.1/thumb/v7e-m+fp/hard\libgcc.a(_udivmoddi4.o)
                0x0000000008000a9c                __udivmoddi4
 .text          0x0000000008000d64        0x4 C:/ST/STM32CubeIDE_1.10.1/STM32CubeIDE/plugins/com.st.stm32cube.ide.mcu.externaltools.gnu-tools-for-stm32.11.3.rel1.win32_1.1.0.202305231506/tools/bin/../lib/gcc/arm-none-eabi/11.3.1/thumb/v7e-m+fp/hard\libgcc.a(_dvmd_tls.o)
                0x0000000008000d64                __aeabi_idiv0
                0x0000000008000d64                __aeabi_ldiv0
 *(.text*)
 .text.main     0x0000000008000d68       0x1e ./Core/Src/main.o
                0x0000000008000d68                main
 *fill*         0x0000000008000d86        0x2 
 .text.SystemClock_Config
                0x0000000008000d88       0xc0 ./Core/Src/main.o
                0x0000000008000d88                SystemClock_Config
 .text.MX_I2C3_Init
                0x0000000008000e48       0x5c ./Core/Src/main.o
 .text.MX_GPIO_Init
                0x0000000008000ea4       0x50 ./Core/Src/main.o
 .text.Error_Handler
                0x0000000008000ef4        0xa ./Core/Src/main.o
                0x0000000008000ef4                Error_Handler
 .text.ssd1306_Reset
                0x0000000008000efe        0xe ./Core/Src/ssd1306.o
                0x0000000008000efe                ssd1306_Reset
 .text.ssd1306_WriteCommand
                0x0000000008000f0c       0x30 ./Core/Src/ssd1306.o
                0x0000000008000f0c                ssd1306_WriteCommand
 .text.ssd1306_WriteData
                0x0000000008000f3c       0x34 ./Core/Src/ssd1306.o
                0x0000000008000f3c                ssd1306_WriteData
 .text.ssd1306_Init
                0x0000000008000f70       0xd4 ./Core/Src/ssd1306.o
                0x0000000008000f70                ssd1306_Init
 .text.ssd1306_Fill
                0x0000000008001044       0x30 ./Core/Src/ssd1306.o
                0x0000000008001044                ssd1306_Fill
 .text.ssd1306_UpdateScreen
                0x0000000008001074       0x50 ./Core/Src/ssd1306.o
                0x0000000008001074                ssd1306_UpdateScreen
 .text.ssd1306_DrawPixel
                0x00000000080010c4       0xa8 ./Core/Src/ssd1306.o
                0x00000000080010c4                ssd1306_DrawPixel
 .text.ssd1306_WriteChar
                0x000000000800116c      0x124 ./Core/Src/ssd1306.o
                0x000000000800116c                ssd1306_WriteChar
 .text.ssd1306_WriteString
                0x0000000008001290       0x4c ./Core/Src/ssd1306.o
                0x0000000008001290                ssd1306_WriteString
 .text.ssd1306_SetCursor
                0x00000000080012dc       0x30 ./Core/Src/ssd1306.o
                0x00000000080012dc                ssd1306_SetCursor
 .text.ssd1306_Line
                0x000000000800130c       0xd8 ./Core/Src/ssd1306.o
                0x000000000800130c                ssd1306_Line
 .text.ssd1306_Polyline
                0x00000000080013e4       0x74 ./Core/Src/ssd1306.o
                0x00000000080013e4                ssd1306_Polyline
 .text.ssd1306_DegToRad
                0x0000000008001458       0x28 ./Core/Src/ssd1306.o
 .text.ssd1306_NormalizeTo0_360
                0x0000000008001480       0x54 ./Core/Src/ssd1306.o
 .text.ssd1306_DrawArc
                0x00000000080014d4      0x1d0 ./Core/Src/ssd1306.o
                0x00000000080014d4                ssd1306_DrawArc
 .text.ssd1306_DrawArcWithRadiusLine
                0x00000000080016a4      0x280 ./Core/Src/ssd1306.o
                0x00000000080016a4                ssd1306_DrawArcWithRadiusLine
 .text.ssd1306_DrawCircle
                0x0000000008001924      0x10e ./Core/Src/ssd1306.o
                0x0000000008001924                ssd1306_DrawCircle
 .text.ssd1306_FillCircle
                0x0000000008001a32       0xe6 ./Core/Src/ssd1306.o
                0x0000000008001a32                ssd1306_FillCircle
 .text.ssd1306_DrawRectangle
                0x0000000008001b18       0x6e ./Core/Src/ssd1306.o
                0x0000000008001b18                ssd1306_DrawRectangle
 .text.ssd1306_FillRectangle
                0x0000000008001b86       0x9c ./Core/Src/ssd1306.o
                0x0000000008001b86                ssd1306_FillRectangle
 *fill*         0x0000000008001c22        0x2 
 .text.ssd1306_InvertRectangle
                0x0000000008001c24      0x178 ./Core/Src/ssd1306.o
                0x0000000008001c24                ssd1306_InvertRectangle
 .text.ssd1306_DrawBitmap
                0x0000000008001d9c       0xb6 ./Core/Src/ssd1306.o
                0x0000000008001d9c                ssd1306_DrawBitmap
 .text.ssd1306_SetContrast
                0x0000000008001e52       0x26 ./Core/Src/ssd1306.o
                0x0000000008001e52                ssd1306_SetContrast
 .text.ssd1306_SetDisplayOn
                0x0000000008001e78       0x3c ./Core/Src/ssd1306.o
                0x0000000008001e78                ssd1306_SetDisplayOn
 .text.ssd1306_TestBorder
                0x0000000008001eb4       0x94 ./Core/Src/ssd1306_tests.o
                0x0000000008001eb4                ssd1306_TestBorder
 .text.ssd1306_TestFonts1
                0x0000000008001f48       0xb0 ./Core/Src/ssd1306_tests.o
                0x0000000008001f48                ssd1306_TestFonts1
 .text.ssd1306_TestFonts2
                0x0000000008001ff8       0x74 ./Core/Src/ssd1306_tests.o
                0x0000000008001ff8                ssd1306_TestFonts2
 .text.ssd1306_TestFonts3
                0x000000000800206c       0x68 ./Core/Src/ssd1306_tests.o
                0x000000000800206c                ssd1306_TestFonts3
 .text.ssd1306_TestFPS
                0x00000000080020d4      0x148 ./Core/Src/ssd1306_tests.o
                0x00000000080020d4                ssd1306_TestFPS
 .text.ssd1306_TestLine
                0x000000000800221c       0x30 ./Core/Src/ssd1306_tests.o
                0x000000000800221c                ssd1306_TestLine
 .text.ssd1306_TestRectangle
                0x000000000800224c       0x70 ./Core/Src/ssd1306_tests.o
                0x000000000800224c                ssd1306_TestRectangle
 .text.ssd1306_TestRectangleFill
                0x00000000080022bc       0x50 ./Core/Src/ssd1306_tests.o
                0x00000000080022bc                ssd1306_TestRectangleFill
 .text.ssd1306_TestRectangleInvert
                0x000000000800230c       0xbc ./Core/Src/ssd1306_tests.o
                0x000000000800230c                ssd1306_TestRectangleInvert
 .text.ssd1306_TestCircle
                0x00000000080023c8       0x70 ./Core/Src/ssd1306_tests.o
                0x00000000080023c8                ssd1306_TestCircle
 .text.ssd1306_TestArc
                0x0000000008002438       0x3c ./Core/Src/ssd1306_tests.o
                0x0000000008002438                ssd1306_TestArc
 .text.ssd1306_TestPolyline
                0x0000000008002474       0x2c ./Core/Src/ssd1306_tests.o
                0x0000000008002474                ssd1306_TestPolyline
 .text.ssd1306_TestDrawBitmap
                0x00000000080024a0       0x80 ./Core/Src/ssd1306_tests.o
                0x00000000080024a0                ssd1306_TestDrawBitmap
 .text.ssd1306_TestAll
                0x0000000008002520       0xbc ./Core/Src/ssd1306_tests.o
                0x0000000008002520                ssd1306_TestAll
 .text.HAL_MspInit
                0x00000000080025dc       0x50 ./Core/Src/stm32f4xx_hal_msp.o
                0x00000000080025dc                HAL_MspInit
 .text.HAL_I2C_MspInit
                0x000000000800262c       0xd0 ./Core/Src/stm32f4xx_hal_msp.o
                0x000000000800262c                HAL_I2C_MspInit
 .text.NMI_Handler
                0x00000000080026fc        0x6 ./Core/Src/stm32f4xx_it.o
                0x00000000080026fc                NMI_Handler
 .text.HardFault_Handler
                0x0000000008002702        0x6 ./Core/Src/stm32f4xx_it.o
                0x0000000008002702                HardFault_Handler
 .text.MemManage_Handler
                0x0000000008002708        0x6 ./Core/Src/stm32f4xx_it.o
                0x0000000008002708                MemManage_Handler
 .text.BusFault_Handler
                0x000000000800270e        0x6 ./Core/Src/stm32f4xx_it.o
                0x000000000800270e                BusFault_Handler
 .text.UsageFault_Handler
                0x0000000008002714        0x6 ./Core/Src/stm32f4xx_it.o
                0x0000000008002714                UsageFault_Handler
 .text.SVC_Handler
                0x000000000800271a        0xe ./Core/Src/stm32f4xx_it.o
                0x000000000800271a                SVC_Handler
 .text.DebugMon_Handler
                0x0000000008002728        0xe ./Core/Src/stm32f4xx_it.o
                0x0000000008002728                DebugMon_Handler
 .text.PendSV_Handler
                0x0000000008002736        0xe ./Core/Src/stm32f4xx_it.o
                0x0000000008002736                PendSV_Handler
 .text.SysTick_Handler
                0x0000000008002744        0xc ./Core/Src/stm32f4xx_it.o
                0x0000000008002744                SysTick_Handler
 .text._sbrk    0x0000000008002750       0x6c ./Core/Src/sysmem.o
                0x0000000008002750                _sbrk
 .text.SystemInit
                0x00000000080027bc       0x24 ./Core/Src/system_stm32f4xx.o
                0x00000000080027bc                SystemInit
 .text.Reset_Handler
                0x00000000080027e0       0x50 ./Core/Startup/startup_stm32f401ccux.o
                0x00000000080027e0                Reset_Handler
 .text.Default_Handler
                0x0000000008002830        0x2 ./Core/Startup/startup_stm32f401ccux.o
                0x0000000008002830                RTC_Alarm_IRQHandler
                0x0000000008002830                EXTI2_IRQHandler
                0x0000000008002830                SPI4_IRQHandler
                0x0000000008002830                TIM1_CC_IRQHandler
                0x0000000008002830                DMA2_Stream5_IRQHandler
                0x0000000008002830                DMA1_Stream5_IRQHandler
                0x0000000008002830                PVD_IRQHandler
                0x0000000008002830                SDIO_IRQHandler
                0x0000000008002830                TAMP_STAMP_IRQHandler
                0x0000000008002830                EXTI3_IRQHandler
                0x0000000008002830                TIM1_UP_TIM10_IRQHandler
                0x0000000008002830                I2C3_ER_IRQHandler
                0x0000000008002830                EXTI0_IRQHandler
                0x0000000008002830                I2C2_EV_IRQHandler
                0x0000000008002830                DMA1_Stream2_IRQHandler
                0x0000000008002830                FPU_IRQHandler
                0x0000000008002830                DMA2_Stream2_IRQHandler
                0x0000000008002830                SPI1_IRQHandler
                0x0000000008002830                TIM1_BRK_TIM9_IRQHandler
                0x0000000008002830                DMA2_Stream3_IRQHandler
                0x0000000008002830                USART6_IRQHandler
                0x0000000008002830                DMA2_Stream0_IRQHandler
                0x0000000008002830                TIM4_IRQHandler
                0x0000000008002830                I2C1_EV_IRQHandler
                0x0000000008002830                DMA1_Stream6_IRQHandler
                0x0000000008002830                DMA1_Stream1_IRQHandler
                0x0000000008002830                TIM3_IRQHandler
                0x0000000008002830                RCC_IRQHandler
                0x0000000008002830                Default_Handler
                0x0000000008002830                EXTI15_10_IRQHandler
                0x0000000008002830                ADC_IRQHandler
                0x0000000008002830                DMA1_Stream7_IRQHandler
                0x0000000008002830                TIM5_IRQHandler
                0x0000000008002830                DMA2_Stream7_IRQHandler
                0x0000000008002830                I2C3_EV_IRQHandler
                0x0000000008002830                EXTI9_5_IRQHandler
                0x0000000008002830                RTC_WKUP_IRQHandler
                0x0000000008002830                SPI2_IRQHandler
                0x0000000008002830                DMA1_Stream0_IRQHandler
                0x0000000008002830                EXTI4_IRQHandler
                0x0000000008002830                WWDG_IRQHandler
                0x0000000008002830                TIM2_IRQHandler
                0x0000000008002830                OTG_FS_WKUP_IRQHandler
                0x0000000008002830                TIM1_TRG_COM_TIM11_IRQHandler
                0x0000000008002830                EXTI1_IRQHandler
                0x0000000008002830                USART2_IRQHandler
                0x0000000008002830                I2C2_ER_IRQHandler
                0x0000000008002830                DMA2_Stream1_IRQHandler
                0x0000000008002830                FLASH_IRQHandler
                0x0000000008002830                DMA2_Stream4_IRQHandler
                0x0000000008002830                USART1_IRQHandler
                0x0000000008002830                OTG_FS_IRQHandler
                0x0000000008002830                SPI3_IRQHandler
                0x0000000008002830                DMA1_Stream4_IRQHandler
                0x0000000008002830                I2C1_ER_IRQHandler
                0x0000000008002830                DMA2_Stream6_IRQHandler
                0x0000000008002830                DMA1_Stream3_IRQHandler
 *fill*         0x0000000008002832        0x2 
 .text.HAL_Init
                0x0000000008002834       0x44 ./Drivers/STM32F4xx_HAL_Driver/Src/stm32f4xx_hal.o
                0x0000000008002834                HAL_Init
 .text.HAL_InitTick
                0x0000000008002878       0x60 ./Drivers/STM32F4xx_HAL_Driver/Src/stm32f4xx_hal.o
                0x0000000008002878                HAL_InitTick
 .text.HAL_IncTick
                0x00000000080028d8       0x28 ./Drivers/STM32F4xx_HAL_Driver/Src/stm32f4xx_hal.o
                0x00000000080028d8                HAL_IncTick
 .text.HAL_GetTick
                0x0000000008002900       0x18 ./Drivers/STM32F4xx_HAL_Driver/Src/stm32f4xx_hal.o
                0x0000000008002900                HAL_GetTick
 .text.HAL_Delay
                0x0000000008002918       0x48 ./Drivers/STM32F4xx_HAL_Driver/Src/stm32f4xx_hal.o
                0x0000000008002918                HAL_Delay
 .text.__NVIC_SetPriorityGrouping
                0x0000000008002960       0x48 ./Drivers/STM32F4xx_HAL_Driver/Src/stm32f4xx_hal_cortex.o
 .text.__NVIC_GetPriorityGrouping
                0x00000000080029a8       0x1c ./Drivers/STM32F4xx_HAL_Driver/Src/stm32f4xx_hal_cortex.o
 .text.__NVIC_SetPriority
                0x00000000080029c4       0x54 ./Drivers/STM32F4xx_HAL_Driver/Src/stm32f4xx_hal_cortex.o
 .text.NVIC_EncodePriority
                0x0000000008002a18       0x66 ./Drivers/STM32F4xx_HAL_Driver/Src/stm32f4xx_hal_cortex.o
 *fill*         0x0000000008002a7e        0x2 
 .text.SysTick_Config
                0x0000000008002a80       0x44 ./Drivers/STM32F4xx_HAL_Driver/Src/stm32f4xx_hal_cortex.o
 .text.HAL_NVIC_SetPriorityGrouping
                0x0000000008002ac4       0x16 ./Drivers/STM32F4xx_HAL_Driver/Src/stm32f4xx_hal_cortex.o
                0x0000000008002ac4                HAL_NVIC_SetPriorityGrouping
 .text.HAL_NVIC_SetPriority
                0x0000000008002ada       0x38 ./Drivers/STM32F4xx_HAL_Driver/Src/stm32f4xx_hal_cortex.o
                0x0000000008002ada                HAL_NVIC_SetPriority
 .text.HAL_SYSTICK_Config
                0x0000000008002b12       0x18 ./Drivers/STM32F4xx_HAL_Driver/Src/stm32f4xx_hal_cortex.o
                0x0000000008002b12                HAL_SYSTICK_Config
 *fill*         0x0000000008002b2a        0x2 
 .text.HAL_GPIO_Init
                0x0000000008002b2c      0x308 ./Drivers/STM32F4xx_HAL_Driver/Src/stm32f4xx_hal_gpio.o
                0x0000000008002b2c                HAL_GPIO_Init
 .text.HAL_I2C_Init
                0x0000000008002e34      0x288 ./Drivers/STM32F4xx_HAL_Driver/Src/stm32f4xx_hal_i2c.o
                0x0000000008002e34                HAL_I2C_Init
 .text.HAL_I2C_Mem_Write
                0x00000000080030bc      0x1f4 ./Drivers/STM32F4xx_HAL_Driver/Src/stm32f4xx_hal_i2c.o
                0x00000000080030bc                HAL_I2C_Mem_Write
 .text.I2C_RequestMemoryWrite
                0x00000000080032b0      0x12c ./Drivers/STM32F4xx_HAL_Driver/Src/stm32f4xx_hal_i2c.o
 .text.I2C_WaitOnFlagUntilTimeout
                0x00000000080033dc       0xae ./Drivers/STM32F4xx_HAL_Driver/Src/stm32f4xx_hal_i2c.o
 .text.I2C_WaitOnMasterAddressFlagUntilTimeout
                0x000000000800348a       0xfe ./Drivers/STM32F4xx_HAL_Driver/Src/stm32f4xx_hal_i2c.o
 .text.I2C_WaitOnTXEFlagUntilTimeout
                0x0000000008003588       0x82 ./Drivers/STM32F4xx_HAL_Driver/Src/stm32f4xx_hal_i2c.o
 .text.I2C_WaitOnBTFFlagUntilTimeout
                0x000000000800360a       0x82 ./Drivers/STM32F4xx_HAL_Driver/Src/stm32f4xx_hal_i2c.o
 .text.I2C_IsAcknowledgeFailed
                0x000000000800368c       0x5e ./Drivers/STM32F4xx_HAL_Driver/Src/stm32f4xx_hal_i2c.o
 *fill*         0x00000000080036ea        0x2 
 .text.HAL_RCC_OscConfig
                0x00000000080036ec      0x4f0 ./Drivers/STM32F4xx_HAL_Driver/Src/stm32f4xx_hal_rcc.o
                0x00000000080036ec                HAL_RCC_OscConfig
 .text.HAL_RCC_ClockConfig
                0x0000000008003bdc      0x1cc ./Drivers/STM32F4xx_HAL_Driver/Src/stm32f4xx_hal_rcc.o
                0x0000000008003bdc                HAL_RCC_ClockConfig
 .text.HAL_RCC_GetSysClockFreq
                0x0000000008003da8      0x18c ./Drivers/STM32F4xx_HAL_Driver/Src/stm32f4xx_hal_rcc.o
                0x0000000008003da8                HAL_RCC_GetSysClockFreq
 .text.HAL_RCC_GetHCLKFreq
                0x0000000008003f34       0x18 ./Drivers/STM32F4xx_HAL_Driver/Src/stm32f4xx_hal_rcc.o
                0x0000000008003f34                HAL_RCC_GetHCLKFreq
 .text.HAL_RCC_GetPCLK1Freq
                0x0000000008003f4c       0x28 ./Drivers/STM32F4xx_HAL_Driver/Src/stm32f4xx_hal_rcc.o
                0x0000000008003f4c                HAL_RCC_GetPCLK1Freq
 .text.snprintf
                0x0000000008003f74       0x68 C:/ST/STM32CubeIDE_1.10.1/STM32CubeIDE/plugins/com.st.stm32cube.ide.mcu.externaltools.gnu-tools-for-stm32.11.3.rel1.win32_1.1.0.202305231506/tools/bin/../lib/gcc/arm-none-eabi/11.3.1/../../../../arm-none-eabi/lib/thumb/v7e-m+fp/hard\libc_nano.a(libc_a-snprintf.o)
                0x0000000008003f74                sniprintf
                0x0000000008003f74                snprintf
 .text.memmove  0x0000000008003fdc       0x34 C:/ST/STM32CubeIDE_1.10.1/STM32CubeIDE/plugins/com.st.stm32cube.ide.mcu.externaltools.gnu-tools-for-stm32.11.3.rel1.win32_1.1.0.202305231506/tools/bin/../lib/gcc/arm-none-eabi/11.3.1/../../../../arm-none-eabi/lib/thumb/v7e-m+fp/hard\libc_nano.a(libc_a-memmove.o)
                0x0000000008003fdc                memmove
 .text.memset   0x0000000008004010       0x10 C:/ST/STM32CubeIDE_1.10.1/STM32CubeIDE/plugins/com.st.stm32cube.ide.mcu.externaltools.gnu-tools-for-stm32.11.3.rel1.win32_1.1.0.202305231506/tools/bin/../lib/gcc/arm-none-eabi/11.3.1/../../../../arm-none-eabi/lib/thumb/v7e-m+fp/hard\libc_nano.a(libc_a-memset.o)
                0x0000000008004010                memset
 .text.__errno  0x0000000008004020        0xc C:/ST/STM32CubeIDE_1.10.1/STM32CubeIDE/plugins/com.st.stm32cube.ide.mcu.externaltools.gnu-tools-for-stm32.11.3.rel1.win32_1.1.0.202305231506/tools/bin/../lib/gcc/arm-none-eabi/11.3.1/../../../../arm-none-eabi/lib/thumb/v7e-m+fp/hard\libc_nano.a(libc_a-errno.o)
                0x0000000008004020                __errno
 .text.__libc_init_array
                0x000000000800402c       0x48 C:/ST/STM32CubeIDE_1.10.1/STM32CubeIDE/plugins/com.st.stm32cube.ide.mcu.externaltools.gnu-tools-for-stm32.11.3.rel1.win32_1.1.0.202305231506/tools/bin/../lib/gcc/arm-none-eabi/11.3.1/../../../../arm-none-eabi/lib/thumb/v7e-m+fp/hard\libc_nano.a(libc_a-init.o)
                0x000000000800402c                __libc_init_array
 .text.__retarget_lock_acquire_recursive
                0x0000000008004074        0x2 C:/ST/STM32CubeIDE_1.10.1/STM32CubeIDE/plugins/com.st.stm32cube.ide.mcu.externaltools.gnu-tools-for-stm32.11.3.rel1.win32_1.1.0.202305231506/tools/bin/../lib/gcc/arm-none-eabi/11.3.1/../../../../arm-none-eabi/lib/thumb/v7e-m+fp/hard\libc_nano.a(libc_a-lock.o)
                0x0000000008004074                __retarget_lock_acquire_recursive
 .text.__retarget_lock_release_recursive
                0x0000000008004076        0x2 C:/ST/STM32CubeIDE_1.10.1/STM32CubeIDE/plugins/com.st.stm32cube.ide.mcu.externaltools.gnu-tools-for-stm32.11.3.rel1.win32_1.1.0.202305231506/tools/bin/../lib/gcc/arm-none-eabi/11.3.1/../../../../arm-none-eabi/lib/thumb/v7e-m+fp/hard\libc_nano.a(libc_a-lock.o)
                0x0000000008004076                __retarget_lock_release_recursive
 .text.memcpy   0x0000000008004078       0x1c C:/ST/STM32CubeIDE_1.10.1/STM32CubeIDE/plugins/com.st.stm32cube.ide.mcu.externaltools.gnu-tools-for-stm32.11.3.rel1.win32_1.1.0.202305231506/tools/bin/../lib/gcc/arm-none-eabi/11.3.1/../../../../arm-none-eabi/lib/thumb/v7e-m+fp/hard\libc_nano.a(libc_a-memcpy-stub.o)
                0x0000000008004078                memcpy
 .text._free_r  0x0000000008004094       0x98 C:/ST/STM32CubeIDE_1.10.1/STM32CubeIDE/plugins/com.st.stm32cube.ide.mcu.externaltools.gnu-tools-for-stm32.11.3.rel1.win32_1.1.0.202305231506/tools/bin/../lib/gcc/arm-none-eabi/11.3.1/../../../../arm-none-eabi/lib/thumb/v7e-m+fp/hard\libc_nano.a(libc_a-freer.o)
                0x0000000008004094                _free_r
 .text.sbrk_aligned
                0x000000000800412c       0x40 C:/ST/STM32CubeIDE_1.10.1/STM32CubeIDE/plugins/com.st.stm32cube.ide.mcu.externaltools.gnu-tools-for-stm32.11.3.rel1.win32_1.1.0.202305231506/tools/bin/../lib/gcc/arm-none-eabi/11.3.1/../../../../arm-none-eabi/lib/thumb/v7e-m+fp/hard\libc_nano.a(libc_a-mallocr.o)
 .text._malloc_r
                0x000000000800416c      0x100 C:/ST/STM32CubeIDE_1.10.1/STM32CubeIDE/plugins/com.st.stm32cube.ide.mcu.externaltools.gnu-tools-for-stm32.11.3.rel1.win32_1.1.0.202305231506/tools/bin/../lib/gcc/arm-none-eabi/11.3.1/../../../../arm-none-eabi/lib/thumb/v7e-m+fp/hard\libc_nano.a(libc_a-mallocr.o)
                0x000000000800416c                _malloc_r
 .text.__malloc_lock
                0x000000000800426c        0xc C:/ST/STM32CubeIDE_1.10.1/STM32CubeIDE/plugins/com.st.stm32cube.ide.mcu.externaltools.gnu-tools-for-stm32.11.3.rel1.win32_1.1.0.202305231506/tools/bin/../lib/gcc/arm-none-eabi/11.3.1/../../../../arm-none-eabi/lib/thumb/v7e-m+fp/hard\libc_nano.a(libc_a-mlock.o)
                0x000000000800426c                __malloc_lock
 .text.__malloc_unlock
                0x0000000008004278        0xc C:/ST/STM32CubeIDE_1.10.1/STM32CubeIDE/plugins/com.st.stm32cube.ide.mcu.externaltools.gnu-tools-for-stm32.11.3.rel1.win32_1.1.0.202305231506/tools/bin/../lib/gcc/arm-none-eabi/11.3.1/../../../../arm-none-eabi/lib/thumb/v7e-m+fp/hard\libc_nano.a(libc_a-mlock.o)
                0x0000000008004278                __malloc_unlock
 .text.__ssputs_r
                0x0000000008004284       0xb4 C:/ST/STM32CubeIDE_1.10.1/STM32CubeIDE/plugins/com.st.stm32cube.ide.mcu.externaltools.gnu-tools-for-stm32.11.3.rel1.win32_1.1.0.202305231506/tools/bin/../lib/gcc/arm-none-eabi/11.3.1/../../../../arm-none-eabi/lib/thumb/v7e-m+fp/hard\libc_nano.a(libc_a-nano-svfprintf.o)
                0x0000000008004284                __ssputs_r
 .text._svfprintf_r
                0x0000000008004338      0x1fc C:/ST/STM32CubeIDE_1.10.1/STM32CubeIDE/plugins/com.st.stm32cube.ide.mcu.externaltools.gnu-tools-for-stm32.11.3.rel1.win32_1.1.0.202305231506/tools/bin/../lib/gcc/arm-none-eabi/11.3.1/../../../../arm-none-eabi/lib/thumb/v7e-m+fp/hard\libc_nano.a(libc_a-nano-svfprintf.o)
                0x0000000008004338                _svfiprintf_r
                0x0000000008004338                _svfprintf_r
 .text._printf_common
                0x0000000008004534       0xda C:/ST/STM32CubeIDE_1.10.1/STM32CubeIDE/plugins/com.st.stm32cube.ide.mcu.externaltools.gnu-tools-for-stm32.11.3.rel1.win32_1.1.0.202305231506/tools/bin/../lib/gcc/arm-none-eabi/11.3.1/../../../../arm-none-eabi/lib/thumb/v7e-m+fp/hard\libc_nano.a(libc_a-nano-vfprintf_i.o)
                0x0000000008004534                _printf_common
 *fill*         0x000000000800460e        0x2 
 .text._printf_i
                0x0000000008004610      0x244 C:/ST/STM32CubeIDE_1.10.1/STM32CubeIDE/plugins/com.st.stm32cube.ide.mcu.externaltools.gnu-tools-for-stm32.11.3.rel1.win32_1.1.0.202305231506/tools/bin/../lib/gcc/arm-none-eabi/11.3.1/../../../../arm-none-eabi/lib/thumb/v7e-m+fp/hard\libc_nano.a(libc_a-nano-vfprintf_i.o)
                0x0000000008004610                _printf_i
 .text._sbrk_r  0x0000000008004854       0x20 C:/ST/STM32CubeIDE_1.10.1/STM32CubeIDE/plugins/com.st.stm32cube.ide.mcu.externaltools.gnu-tools-for-stm32.11.3.rel1.win32_1.1.0.202305231506/tools/bin/../lib/gcc/arm-none-eabi/11.3.1/../../../../arm-none-eabi/lib/thumb/v7e-m+fp/hard\libc_nano.a(libc_a-sbrkr.o)
                0x0000000008004854                _sbrk_r
 .text._realloc_r
                0x0000000008004874       0x5e C:/ST/STM32CubeIDE_1.10.1/STM32CubeIDE/plugins/com.st.stm32cube.ide.mcu.externaltools.gnu-tools-for-stm32.11.3.rel1.win32_1.1.0.202305231506/tools/bin/../lib/gcc/arm-none-eabi/11.3.1/../../../../arm-none-eabi/lib/thumb/v7e-m+fp/hard\libc_nano.a(libc_a-reallocr.o)
                0x0000000008004874                _realloc_r
 .text._malloc_usable_size_r
                0x00000000080048d2       0x10 C:/ST/STM32CubeIDE_1.10.1/STM32CubeIDE/plugins/com.st.stm32cube.ide.mcu.externaltools.gnu-tools-for-stm32.11.3.rel1.win32_1.1.0.202305231506/tools/bin/../lib/gcc/arm-none-eabi/11.3.1/../../../../arm-none-eabi/lib/thumb/v7e-m+fp/hard\libc_nano.a(libc_a-msizer.o)
                0x00000000080048d2                _malloc_usable_size_r
 *fill*         0x00000000080048e2        0x2 
 .text.cosf     0x00000000080048e4       0x88 C:/ST/STM32CubeIDE_1.10.1/STM32CubeIDE/plugins/com.st.stm32cube.ide.mcu.externaltools.gnu-tools-for-stm32.11.3.rel1.win32_1.1.0.202305231506/tools/bin/../lib/gcc/arm-none-eabi/11.3.1/../../../../arm-none-eabi/lib/thumb/v7e-m+fp/hard\libm.a(libm_a-sf_cos.o)
                0x00000000080048e4                cosf
 .text.sinf     0x000000000800496c       0x8c C:/ST/STM32CubeIDE_1.10.1/STM32CubeIDE/plugins/com.st.stm32cube.ide.mcu.externaltools.gnu-tools-for-stm32.11.3.rel1.win32_1.1.0.202305231506/tools/bin/../lib/gcc/arm-none-eabi/11.3.1/../../../../arm-none-eabi/lib/thumb/v7e-m+fp/hard\libm.a(libm_a-sf_sin.o)
                0x000000000800496c                sinf
 .text.__kernel_cosf
                0x00000000080049f8       0xbc C:/ST/STM32CubeIDE_1.10.1/STM32CubeIDE/plugins/com.st.stm32cube.ide.mcu.externaltools.gnu-tools-for-stm32.11.3.rel1.win32_1.1.0.202305231506/tools/bin/../lib/gcc/arm-none-eabi/11.3.1/../../../../arm-none-eabi/lib/thumb/v7e-m+fp/hard\libm.a(libm_a-kf_cos.o)
                0x00000000080049f8                __kernel_cosf
 .text.__kernel_sinf
                0x0000000008004ab4       0x90 C:/ST/STM32CubeIDE_1.10.1/STM32CubeIDE/plugins/com.st.stm32cube.ide.mcu.externaltools.gnu-tools-for-stm32.11.3.rel1.win32_1.1.0.202305231506/tools/bin/../lib/gcc/arm-none-eabi/11.3.1/../../../../arm-none-eabi/lib/thumb/v7e-m+fp/hard\libm.a(libm_a-kf_sin.o)
                0x0000000008004ab4                __kernel_sinf
 .text.__ieee754_rem_pio2f
                0x0000000008004b44      0x258 C:/ST/STM32CubeIDE_1.10.1/STM32CubeIDE/plugins/com.st.stm32cube.ide.mcu.externaltools.gnu-tools-for-stm32.11.3.rel1.win32_1.1.0.202305231506/tools/bin/../lib/gcc/arm-none-eabi/11.3.1/../../../../arm-none-eabi/lib/thumb/v7e-m+fp/hard\libm.a(libm_a-ef_rem_pio2.o)
                0x0000000008004b44                __ieee754_rem_pio2f
 .text.fabsf    0x0000000008004d9c        0xe C:/ST/STM32CubeIDE_1.10.1/STM32CubeIDE/plugins/com.st.stm32cube.ide.mcu.externaltools.gnu-tools-for-stm32.11.3.rel1.win32_1.1.0.202305231506/tools/bin/../lib/gcc/arm-none-eabi/11.3.1/../../../../arm-none-eabi/lib/thumb/v7e-m+fp/hard\libm.a(libm_a-sf_fabs.o)
                0x0000000008004d9c                fabsf
 *fill*         0x0000000008004daa        0x2 
 .text.__kernel_rem_pio2f
                0x0000000008004dac      0x4e4 C:/ST/STM32CubeIDE_1.10.1/STM32CubeIDE/plugins/com.st.stm32cube.ide.mcu.externaltools.gnu-tools-for-stm32.11.3.rel1.win32_1.1.0.202305231506/tools/bin/../lib/gcc/arm-none-eabi/11.3.1/../../../../arm-none-eabi/lib/thumb/v7e-m+fp/hard\libm.a(libm_a-kf_rem_pio2.o)
                0x0000000008004dac                __kernel_rem_pio2f
 .text.scalbnf  0x0000000008005290       0xcc C:/ST/STM32CubeIDE_1.10.1/STM32CubeIDE/plugins/com.st.stm32cube.ide.mcu.externaltools.gnu-tools-for-stm32.11.3.rel1.win32_1.1.0.202305231506/tools/bin/../lib/gcc/arm-none-eabi/11.3.1/../../../../arm-none-eabi/lib/thumb/v7e-m+fp/hard\libm.a(libm_a-sf_scalbn.o)
                0x0000000008005290                scalbnf
 .text.floorf   0x000000000800535c       0x84 C:/ST/STM32CubeIDE_1.10.1/STM32CubeIDE/plugins/com.st.stm32cube.ide.mcu.externaltools.gnu-tools-for-stm32.11.3.rel1.win32_1.1.0.202305231506/tools/bin/../lib/gcc/arm-none-eabi/11.3.1/../../../../arm-none-eabi/lib/thumb/v7e-m+fp/hard\libm.a(libm_a-sf_floor.o)
                0x000000000800535c                floorf
 *(.glue_7)
 .glue_7        0x00000000080053e0        0x0 linker stubs
 *(.glue_7t)
 .glue_7t       0x00000000080053e0        0x0 linker stubs
 *(.eh_frame)
 .eh_frame      0x00000000080053e0        0x0 C:/ST/STM32CubeIDE_1.10.1/STM32CubeIDE/plugins/com.st.stm32cube.ide.mcu.externaltools.gnu-tools-for-stm32.11.3.rel1.win32_1.1.0.202305231506/tools/bin/../lib/gcc/arm-none-eabi/11.3.1/thumb/v7e-m+fp/hard/crtbegin.o
 *(.init)
 .init          0x00000000080053e0        0x4 C:/ST/STM32CubeIDE_1.10.1/STM32CubeIDE/plugins/com.st.stm32cube.ide.mcu.externaltools.gnu-tools-for-stm32.11.3.rel1.win32_1.1.0.202305231506/tools/bin/../lib/gcc/arm-none-eabi/11.3.1/thumb/v7e-m+fp/hard/crti.o
                0x00000000080053e0                _init
 .init          0x00000000080053e4        0x8 C:/ST/STM32CubeIDE_1.10.1/STM32CubeIDE/plugins/com.st.stm32cube.ide.mcu.externaltools.gnu-tools-for-stm32.11.3.rel1.win32_1.1.0.202305231506/tools/bin/../lib/gcc/arm-none-eabi/11.3.1/thumb/v7e-m+fp/hard/crtn.o
 *(.fini)
 .fini          0x00000000080053ec        0x4 C:/ST/STM32CubeIDE_1.10.1/STM32CubeIDE/plugins/com.st.stm32cube.ide.mcu.externaltools.gnu-tools-for-stm32.11.3.rel1.win32_1.1.0.202305231506/tools/bin/../lib/gcc/arm-none-eabi/11.3.1/thumb/v7e-m+fp/hard/crti.o
                0x00000000080053ec                _fini
 .fini          0x00000000080053f0        0x8 C:/ST/STM32CubeIDE_1.10.1/STM32CubeIDE/plugins/com.st.stm32cube.ide.mcu.externaltools.gnu-tools-for-stm32.11.3.rel1.win32_1.1.0.202305231506/tools/bin/../lib/gcc/arm-none-eabi/11.3.1/thumb/v7e-m+fp/hard/crtn.o
                0x00000000080053f8                . = ALIGN (0x4)
                0x00000000080053f8                _etext = .

.vfp11_veneer   0x00000000080053f8        0x0
 .vfp11_veneer  0x00000000080053f8        0x0 linker stubs

.v4_bx          0x00000000080053f8        0x0
 .v4_bx         0x00000000080053f8        0x0 linker stubs

.iplt           0x00000000080053f8        0x0
 .iplt          0x00000000080053f8        0x0 C:/ST/STM32CubeIDE_1.10.1/STM32CubeIDE/plugins/com.st.stm32cube.ide.mcu.externaltools.gnu-tools-for-stm32.11.3.rel1.win32_1.1.0.202305231506/tools/bin/../lib/gcc/arm-none-eabi/11.3.1/thumb/v7e-m+fp/hard/crtbegin.o

.rodata         0x00000000080053f8     0x5684
                0x00000000080053f8                . = ALIGN (0x4)
 *(.rodata)
 .rodata        0x00000000080053f8       0xc6 ./Core/Src/ssd1306_tests.o
 *(.rodata*)
 .rodata.CIRCLE_APPROXIMATION_SEGMENTS.0
                0x00000000080054be        0x1 ./Core/Src/ssd1306.o
 *fill*         0x00000000080054bf        0x1 
 .rodata.Font7x10
                0x00000000080054c0      0x76c ./Core/Src/ssd1306_fonts.o
 .rodata.Font11x18
                0x0000000008005c2c      0xd5c ./Core/Src/ssd1306_fonts.o
 .rodata.Font16x26
                0x0000000008006988     0x134c ./Core/Src/ssd1306_fonts.o
 .rodata.Font6x8
                0x0000000008007cd4      0x5f0 ./Core/Src/ssd1306_fonts.o
 .rodata.Font16x24
                0x00000000080082c4     0x11d0 ./Core/Src/ssd1306_fonts.o
 .rodata.Font16x15
                0x0000000008009494      0xb22 ./Core/Src/ssd1306_fonts.o
 *fill*         0x0000000008009fb6        0x2 
 .rodata.char_width
                0x0000000008009fb8       0x5f ./Core/Src/ssd1306_fonts.o
 *fill*         0x000000000800a017        0x1 
 .rodata.Font_6x8
                0x000000000800a018        0xc ./Core/Src/ssd1306_fonts.o
                0x000000000800a018                Font_6x8
 .rodata.Font_7x10
                0x000000000800a024        0xc ./Core/Src/ssd1306_fonts.o
                0x000000000800a024                Font_7x10
 .rodata.Font_11x18
                0x000000000800a030        0xc ./Core/Src/ssd1306_fonts.o
                0x000000000800a030                Font_11x18
 .rodata.Font_16x26
                0x000000000800a03c        0xc ./Core/Src/ssd1306_fonts.o
                0x000000000800a03c                Font_16x26
 .rodata.Font_16x24
                0x000000000800a048        0xc ./Core/Src/ssd1306_fonts.o
                0x000000000800a048                Font_16x24
 .rodata.Font_16x15
                0x000000000800a054        0xc ./Core/Src/ssd1306_fonts.o
                0x000000000800a054                Font_16x15
 .rodata.garfield_128x64
                0x000000000800a060      0x400 ./Core/Src/ssd1306_tests.o
                0x000000000800a060                garfield_128x64
 .rodata.github_logo_64x64
                0x000000000800a460      0x200 ./Core/Src/ssd1306_tests.o
                0x000000000800a460                github_logo_64x64
 .rodata.AHBPrescTable
                0x000000000800a660       0x10 ./Core/Src/system_stm32f4xx.o
                0x000000000800a660                AHBPrescTable
 .rodata.APBPrescTable
                0x000000000800a670        0x8 ./Core/Src/system_stm32f4xx.o
                0x000000000800a670                APBPrescTable
 .rodata._svfprintf_r.str1.1
                0x000000000800a678       0x11 C:/ST/STM32CubeIDE_1.10.1/STM32CubeIDE/plugins/com.st.stm32cube.ide.mcu.externaltools.gnu-tools-for-stm32.11.3.rel1.win32_1.1.0.202305231506/tools/bin/../lib/gcc/arm-none-eabi/11.3.1/../../../../arm-none-eabi/lib/thumb/v7e-m+fp/hard\libc_nano.a(libc_a-nano-svfprintf.o)
 .rodata._printf_i.str1.1
                0x000000000800a689       0x22 C:/ST/STM32CubeIDE_1.10.1/STM32CubeIDE/plugins/com.st.stm32cube.ide.mcu.externaltools.gnu-tools-for-stm32.11.3.rel1.win32_1.1.0.202305231506/tools/bin/../lib/gcc/arm-none-eabi/11.3.1/../../../../arm-none-eabi/lib/thumb/v7e-m+fp/hard\libc_nano.a(libc_a-nano-vfprintf_i.o)
 *fill*         0x000000000800a6ab        0x1 
 .rodata.npio2_hw
                0x000000000800a6ac       0x80 C:/ST/STM32CubeIDE_1.10.1/STM32CubeIDE/plugins/com.st.stm32cube.ide.mcu.externaltools.gnu-tools-for-stm32.11.3.rel1.win32_1.1.0.202305231506/tools/bin/../lib/gcc/arm-none-eabi/11.3.1/../../../../arm-none-eabi/lib/thumb/v7e-m+fp/hard\libm.a(libm_a-ef_rem_pio2.o)
 .rodata.two_over_pi
                0x000000000800a72c      0x318 C:/ST/STM32CubeIDE_1.10.1/STM32CubeIDE/plugins/com.st.stm32cube.ide.mcu.externaltools.gnu-tools-for-stm32.11.3.rel1.win32_1.1.0.202305231506/tools/bin/../lib/gcc/arm-none-eabi/11.3.1/../../../../arm-none-eabi/lib/thumb/v7e-m+fp/hard\libm.a(libm_a-ef_rem_pio2.o)
 .rodata.PIo2   0x000000000800aa44       0x2c C:/ST/STM32CubeIDE_1.10.1/STM32CubeIDE/plugins/com.st.stm32cube.ide.mcu.externaltools.gnu-tools-for-stm32.11.3.rel1.win32_1.1.0.202305231506/tools/bin/../lib/gcc/arm-none-eabi/11.3.1/../../../../arm-none-eabi/lib/thumb/v7e-m+fp/hard\libm.a(libm_a-kf_rem_pio2.o)
 .rodata.init_jk
                0x000000000800aa70        0xc C:/ST/STM32CubeIDE_1.10.1/STM32CubeIDE/plugins/com.st.stm32cube.ide.mcu.externaltools.gnu-tools-for-stm32.11.3.rel1.win32_1.1.0.202305231506/tools/bin/../lib/gcc/arm-none-eabi/11.3.1/../../../../arm-none-eabi/lib/thumb/v7e-m+fp/hard\libm.a(libm_a-kf_rem_pio2.o)
                0x000000000800aa7c                . = ALIGN (0x4)

.ARM.extab      0x000000000800aa7c        0x0
                0x000000000800aa7c                . = ALIGN (0x4)
 *(.ARM.extab* .gnu.linkonce.armextab.*)
                0x000000000800aa7c                . = ALIGN (0x4)

.ARM            0x000000000800aa7c        0x8
                0x000000000800aa7c                . = ALIGN (0x4)
                0x000000000800aa7c                __exidx_start = .
 *(.ARM.exidx*)
 .ARM.exidx     0x000000000800aa7c        0x8 C:/ST/STM32CubeIDE_1.10.1/STM32CubeIDE/plugins/com.st.stm32cube.ide.mcu.externaltools.gnu-tools-for-stm32.11.3.rel1.win32_1.1.0.202305231506/tools/bin/../lib/gcc/arm-none-eabi/11.3.1/thumb/v7e-m+fp/hard\libgcc.a(_udivmoddi4.o)
                0x000000000800aa84                __exidx_end = .
                0x000000000800aa84                . = ALIGN (0x4)

.rel.dyn        0x000000000800aa84        0x0
 .rel.iplt      0x000000000800aa84        0x0 C:/ST/STM32CubeIDE_1.10.1/STM32CubeIDE/plugins/com.st.stm32cube.ide.mcu.externaltools.gnu-tools-for-stm32.11.3.rel1.win32_1.1.0.202305231506/tools/bin/../lib/gcc/arm-none-eabi/11.3.1/thumb/v7e-m+fp/hard/crtbegin.o

.preinit_array  0x000000000800aa84        0x0
                0x000000000800aa84                . = ALIGN (0x4)
                0x000000000800aa84                PROVIDE (__preinit_array_start = .)
 *(.preinit_array*)
                0x000000000800aa84                PROVIDE (__preinit_array_end = .)
                0x000000000800aa84                . = ALIGN (0x4)

.init_array     0x000000000800aa84        0x4
                0x000000000800aa84                . = ALIGN (0x4)
                0x000000000800aa84                PROVIDE (__init_array_start = .)
 *(SORT_BY_NAME(.init_array.*))
 *(.init_array*)
 .init_array    0x000000000800aa84        0x4 C:/ST/STM32CubeIDE_1.10.1/STM32CubeIDE/plugins/com.st.stm32cube.ide.mcu.externaltools.gnu-tools-for-stm32.11.3.rel1.win32_1.1.0.202305231506/tools/bin/../lib/gcc/arm-none-eabi/11.3.1/thumb/v7e-m+fp/hard/crtbegin.o
                0x000000000800aa88                PROVIDE (__init_array_end = .)
                0x000000000800aa88                . = ALIGN (0x4)

.fini_array     0x000000000800aa88        0x4
                0x000000000800aa88                . = ALIGN (0x4)
                [!provide]                        PROVIDE (__fini_array_start = .)
 *(SORT_BY_NAME(.fini_array.*))
 *(.fini_array*)
 .fini_array    0x000000000800aa88        0x4 C:/ST/STM32CubeIDE_1.10.1/STM32CubeIDE/plugins/com.st.stm32cube.ide.mcu.externaltools.gnu-tools-for-stm32.11.3.rel1.win32_1.1.0.202305231506/tools/bin/../lib/gcc/arm-none-eabi/11.3.1/thumb/v7e-m+fp/hard/crtbegin.o
                [!provide]                        PROVIDE (__fini_array_end = .)
                0x000000000800aa8c                . = ALIGN (0x4)
                0x000000000800aa8c                _sidata = LOADADDR (.data)

.data           0x0000000020000000       0x5c load address 0x000000000800aa8c
                0x0000000020000000                . = ALIGN (0x4)
                0x0000000020000000                _sdata = .
 *(.data)
 *(.data*)
 .data.SystemCoreClock
                0x0000000020000000        0x4 ./Core/Src/system_stm32f4xx.o
                0x0000000020000000                SystemCoreClock
 .data.uwTickPrio
                0x0000000020000004        0x4 ./Drivers/STM32F4xx_HAL_Driver/Src/stm32f4xx_hal.o
                0x0000000020000004                uwTickPrio
 .data.uwTickFreq
                0x0000000020000008        0x1 ./Drivers/STM32F4xx_HAL_Driver/Src/stm32f4xx_hal.o
                0x0000000020000008                uwTickFreq
 *fill*         0x0000000020000009        0x3 
 .data._impure_data
                0x000000002000000c       0x4c C:/ST/STM32CubeIDE_1.10.1/STM32CubeIDE/plugins/com.st.stm32cube.ide.mcu.externaltools.gnu-tools-for-stm32.11.3.rel1.win32_1.1.0.202305231506/tools/bin/../lib/gcc/arm-none-eabi/11.3.1/../../../../arm-none-eabi/lib/thumb/v7e-m+fp/hard\libc_nano.a(libc_a-impure.o)
                0x000000002000000c                _impure_data
 .data._impure_ptr
                0x0000000020000058        0x4 C:/ST/STM32CubeIDE_1.10.1/STM32CubeIDE/plugins/com.st.stm32cube.ide.mcu.externaltools.gnu-tools-for-stm32.11.3.rel1.win32_1.1.0.202305231506/tools/bin/../lib/gcc/arm-none-eabi/11.3.1/../../../../arm-none-eabi/lib/thumb/v7e-m+fp/hard\libc_nano.a(libc_a-impure.o)
                0x0000000020000058                _impure_ptr
 *(.RamFunc)
 *(.RamFunc*)
                0x000000002000005c                . = ALIGN (0x4)
                0x000000002000005c                _edata = .

.igot.plt       0x000000002000005c        0x0 load address 0x000000000800aae8
 .igot.plt      0x000000002000005c        0x0 C:/ST/STM32CubeIDE_1.10.1/STM32CubeIDE/plugins/com.st.stm32cube.ide.mcu.externaltools.gnu-tools-for-stm32.11.3.rel1.win32_1.1.0.202305231506/tools/bin/../lib/gcc/arm-none-eabi/11.3.1/thumb/v7e-m+fp/hard/crtbegin.o
                0x000000002000005c                . = ALIGN (0x4)

.bss            0x000000002000005c      0x5c8 load address 0x000000000800aae8
                0x000000002000005c                _sbss = .
                0x000000002000005c                __bss_start__ = _sbss
 *(.bss)
 .bss           0x000000002000005c       0x1c C:/ST/STM32CubeIDE_1.10.1/STM32CubeIDE/plugins/com.st.stm32cube.ide.mcu.externaltools.gnu-tools-for-stm32.11.3.rel1.win32_1.1.0.202305231506/tools/bin/../lib/gcc/arm-none-eabi/11.3.1/thumb/v7e-m+fp/hard/crtbegin.o
 *(.bss*)
 .bss.hi2c3     0x0000000020000078       0x54 ./Core/Src/main.o
                0x0000000020000078                hi2c3
 .bss.SSD1306_Buffer
                0x00000000200000cc      0x400 ./Core/Src/ssd1306.o
 .bss.SSD1306   0x00000000200004cc        0x6 ./Core/Src/ssd1306.o
 *fill*         0x00000000200004d2        0x2 
 .bss.__sbrk_heap_end
                0x00000000200004d4        0x4 ./Core/Src/sysmem.o
 .bss.uwTick    0x00000000200004d8        0x4 ./Drivers/STM32F4xx_HAL_Driver/Src/stm32f4xx_hal.o
                0x00000000200004d8                uwTick
 .bss.__sf      0x00000000200004dc      0x138 C:/ST/STM32CubeIDE_1.10.1/STM32CubeIDE/plugins/com.st.stm32cube.ide.mcu.externaltools.gnu-tools-for-stm32.11.3.rel1.win32_1.1.0.202305231506/tools/bin/../lib/gcc/arm-none-eabi/11.3.1/../../../../arm-none-eabi/lib/thumb/v7e-m+fp/hard\libc_nano.a(libc_a-findfp.o)
                0x00000000200004dc                __sf
 .bss.errno     0x0000000020000614        0x4 C:/ST/STM32CubeIDE_1.10.1/STM32CubeIDE/plugins/com.st.stm32cube.ide.mcu.externaltools.gnu-tools-for-stm32.11.3.rel1.win32_1.1.0.202305231506/tools/bin/../lib/gcc/arm-none-eabi/11.3.1/../../../../arm-none-eabi/lib/thumb/v7e-m+fp/hard\libc_nano.a(libc_a-reent.o)
                0x0000000020000614                errno
 .bss.__lock___malloc_recursive_mutex
                0x0000000020000618        0x1 C:/ST/STM32CubeIDE_1.10.1/STM32CubeIDE/plugins/com.st.stm32cube.ide.mcu.externaltools.gnu-tools-for-stm32.11.3.rel1.win32_1.1.0.202305231506/tools/bin/../lib/gcc/arm-none-eabi/11.3.1/../../../../arm-none-eabi/lib/thumb/v7e-m+fp/hard\libc_nano.a(libc_a-lock.o)
                0x0000000020000618                __lock___malloc_recursive_mutex
 *fill*         0x0000000020000619        0x3 
 .bss.__malloc_free_list
                0x000000002000061c        0x4 C:/ST/STM32CubeIDE_1.10.1/STM32CubeIDE/plugins/com.st.stm32cube.ide.mcu.externaltools.gnu-tools-for-stm32.11.3.rel1.win32_1.1.0.202305231506/tools/bin/../lib/gcc/arm-none-eabi/11.3.1/../../../../arm-none-eabi/lib/thumb/v7e-m+fp/hard\libc_nano.a(libc_a-mallocr.o)
                0x000000002000061c                __malloc_free_list
 .bss.__malloc_sbrk_start
                0x0000000020000620        0x4 C:/ST/STM32CubeIDE_1.10.1/STM32CubeIDE/plugins/com.st.stm32cube.ide.mcu.externaltools.gnu-tools-for-stm32.11.3.rel1.win32_1.1.0.202305231506/tools/bin/../lib/gcc/arm-none-eabi/11.3.1/../../../../arm-none-eabi/lib/thumb/v7e-m+fp/hard\libc_nano.a(libc_a-mallocr.o)
                0x0000000020000620                __malloc_sbrk_start
 *(COMMON)
                0x0000000020000624                . = ALIGN (0x4)
                0x0000000020000624                _ebss = .
                0x0000000020000624                __bss_end__ = _ebss

._user_heap_stack
                0x0000000020000624      0x604 load address 0x000000000800aae8
                0x0000000020000628                . = ALIGN (0x8)
 *fill*         0x0000000020000624        0x4 
                [!provide]                        PROVIDE (end = .)
                0x0000000020000628                PROVIDE (_end = .)
                0x0000000020000828                . = (. + _Min_Heap_Size)
 *fill*         0x0000000020000628      0x200 
                0x0000000020000c28                . = (. + _Min_Stack_Size)
 *fill*         0x0000000020000828      0x400 
                0x0000000020000c28                . = ALIGN (0x8)

/DISCARD/
 libc.a(*)
 libm.a(*)
 libgcc.a(*)

.ARM.attributes
                0x0000000000000000       0x30
 *(.ARM.attributes)
 .ARM.attributes
                0x0000000000000000       0x1e C:/ST/STM32CubeIDE_1.10.1/STM32CubeIDE/plugins/com.st.stm32cube.ide.mcu.externaltools.gnu-tools-for-stm32.11.3.rel1.win32_1.1.0.202305231506/tools/bin/../lib/gcc/arm-none-eabi/11.3.1/thumb/v7e-m+fp/hard/crti.o
 .ARM.attributes
                0x000000000000001e       0x34 C:/ST/STM32CubeIDE_1.10.1/STM32CubeIDE/plugins/com.st.stm32cube.ide.mcu.externaltools.gnu-tools-for-stm32.11.3.rel1.win32_1.1.0.202305231506/tools/bin/../lib/gcc/arm-none-eabi/11.3.1/thumb/v7e-m+fp/hard/crtbegin.o
 .ARM.attributes
                0x0000000000000052       0x34 ./Core/Src/main.o
 .ARM.attributes
                0x0000000000000086       0x34 ./Core/Src/ssd1306.o
 .ARM.attributes
                0x00000000000000ba       0x34 ./Core/Src/ssd1306_fonts.o
 .ARM.attributes
                0x00000000000000ee       0x34 ./Core/Src/ssd1306_tests.o
 .ARM.attributes
                0x0000000000000122       0x34 ./Core/Src/stm32f4xx_hal_msp.o
 .ARM.attributes
                0x0000000000000156       0x34 ./Core/Src/stm32f4xx_it.o
 .ARM.attributes
                0x000000000000018a       0x34 ./Core/Src/sysmem.o
 .ARM.attributes
                0x00000000000001be       0x34 ./Core/Src/system_stm32f4xx.o
 .ARM.attributes
                0x00000000000001f2       0x21 ./Core/Startup/startup_stm32f401ccux.o
 .ARM.attributes
                0x0000000000000213       0x34 ./Drivers/STM32F4xx_HAL_Driver/Src/stm32f4xx_hal.o
 .ARM.attributes
                0x0000000000000247       0x34 ./Drivers/STM32F4xx_HAL_Driver/Src/stm32f4xx_hal_cortex.o
 .ARM.attributes
                0x000000000000027b       0x34 ./Drivers/STM32F4xx_HAL_Driver/Src/stm32f4xx_hal_gpio.o
 .ARM.attributes
                0x00000000000002af       0x34 ./Drivers/STM32F4xx_HAL_Driver/Src/stm32f4xx_hal_i2c.o
 .ARM.attributes
                0x00000000000002e3       0x34 ./Drivers/STM32F4xx_HAL_Driver/Src/stm32f4xx_hal_rcc.o
 .ARM.attributes
                0x0000000000000317       0x34 C:/ST/STM32CubeIDE_1.10.1/STM32CubeIDE/plugins/com.st.stm32cube.ide.mcu.externaltools.gnu-tools-for-stm32.11.3.rel1.win32_1.1.0.202305231506/tools/bin/../lib/gcc/arm-none-eabi/11.3.1/../../../../arm-none-eabi/lib/thumb/v7e-m+fp/hard\libc_nano.a(libc_a-findfp.o)
 .ARM.attributes
                0x000000000000034b       0x34 C:/ST/STM32CubeIDE_1.10.1/STM32CubeIDE/plugins/com.st.stm32cube.ide.mcu.externaltools.gnu-tools-for-stm32.11.3.rel1.win32_1.1.0.202305231506/tools/bin/../lib/gcc/arm-none-eabi/11.3.1/../../../../arm-none-eabi/lib/thumb/v7e-m+fp/hard\libc_nano.a(libc_a-snprintf.o)
 .ARM.attributes
                0x000000000000037f       0x34 C:/ST/STM32CubeIDE_1.10.1/STM32CubeIDE/plugins/com.st.stm32cube.ide.mcu.externaltools.gnu-tools-for-stm32.11.3.rel1.win32_1.1.0.202305231506/tools/bin/../lib/gcc/arm-none-eabi/11.3.1/../../../../arm-none-eabi/lib/thumb/v7e-m+fp/hard\libc_nano.a(libc_a-memmove.o)
 .ARM.attributes
                0x00000000000003b3       0x34 C:/ST/STM32CubeIDE_1.10.1/STM32CubeIDE/plugins/com.st.stm32cube.ide.mcu.externaltools.gnu-tools-for-stm32.11.3.rel1.win32_1.1.0.202305231506/tools/bin/../lib/gcc/arm-none-eabi/11.3.1/../../../../arm-none-eabi/lib/thumb/v7e-m+fp/hard\libc_nano.a(libc_a-memset.o)
 .ARM.attributes
                0x00000000000003e7       0x34 C:/ST/STM32CubeIDE_1.10.1/STM32CubeIDE/plugins/com.st.stm32cube.ide.mcu.externaltools.gnu-tools-for-stm32.11.3.rel1.win32_1.1.0.202305231506/tools/bin/../lib/gcc/arm-none-eabi/11.3.1/../../../../arm-none-eabi/lib/thumb/v7e-m+fp/hard\libc_nano.a(libc_a-reent.o)
 .ARM.attributes
                0x000000000000041b       0x34 C:/ST/STM32CubeIDE_1.10.1/STM32CubeIDE/plugins/com.st.stm32cube.ide.mcu.externaltools.gnu-tools-for-stm32.11.3.rel1.win32_1.1.0.202305231506/tools/bin/../lib/gcc/arm-none-eabi/11.3.1/../../../../arm-none-eabi/lib/thumb/v7e-m+fp/hard\libc_nano.a(libc_a-impure.o)
 .ARM.attributes
                0x000000000000044f       0x34 C:/ST/STM32CubeIDE_1.10.1/STM32CubeIDE/plugins/com.st.stm32cube.ide.mcu.externaltools.gnu-tools-for-stm32.11.3.rel1.win32_1.1.0.202305231506/tools/bin/../lib/gcc/arm-none-eabi/11.3.1/../../../../arm-none-eabi/lib/thumb/v7e-m+fp/hard\libc_nano.a(libc_a-errno.o)
 .ARM.attributes
                0x0000000000000483       0x34 C:/ST/STM32CubeIDE_1.10.1/STM32CubeIDE/plugins/com.st.stm32cube.ide.mcu.externaltools.gnu-tools-for-stm32.11.3.rel1.win32_1.1.0.202305231506/tools/bin/../lib/gcc/arm-none-eabi/11.3.1/../../../../arm-none-eabi/lib/thumb/v7e-m+fp/hard\libc_nano.a(libc_a-init.o)
 .ARM.attributes
                0x00000000000004b7       0x34 C:/ST/STM32CubeIDE_1.10.1/STM32CubeIDE/plugins/com.st.stm32cube.ide.mcu.externaltools.gnu-tools-for-stm32.11.3.rel1.win32_1.1.0.202305231506/tools/bin/../lib/gcc/arm-none-eabi/11.3.1/../../../../arm-none-eabi/lib/thumb/v7e-m+fp/hard\libc_nano.a(libc_a-lock.o)
 .ARM.attributes
                0x00000000000004eb       0x34 C:/ST/STM32CubeIDE_1.10.1/STM32CubeIDE/plugins/com.st.stm32cube.ide.mcu.externaltools.gnu-tools-for-stm32.11.3.rel1.win32_1.1.0.202305231506/tools/bin/../lib/gcc/arm-none-eabi/11.3.1/../../../../arm-none-eabi/lib/thumb/v7e-m+fp/hard\libc_nano.a(libc_a-memcpy-stub.o)
 .ARM.attributes
                0x000000000000051f       0x34 C:/ST/STM32CubeIDE_1.10.1/STM32CubeIDE/plugins/com.st.stm32cube.ide.mcu.externaltools.gnu-tools-for-stm32.11.3.rel1.win32_1.1.0.202305231506/tools/bin/../lib/gcc/arm-none-eabi/11.3.1/../../../../arm-none-eabi/lib/thumb/v7e-m+fp/hard\libc_nano.a(libc_a-freer.o)
 .ARM.attributes
                0x0000000000000553       0x34 C:/ST/STM32CubeIDE_1.10.1/STM32CubeIDE/plugins/com.st.stm32cube.ide.mcu.externaltools.gnu-tools-for-stm32.11.3.rel1.win32_1.1.0.202305231506/tools/bin/../lib/gcc/arm-none-eabi/11.3.1/../../../../arm-none-eabi/lib/thumb/v7e-m+fp/hard\libc_nano.a(libc_a-mallocr.o)
 .ARM.attributes
                0x0000000000000587       0x34 C:/ST/STM32CubeIDE_1.10.1/STM32CubeIDE/plugins/com.st.stm32cube.ide.mcu.externaltools.gnu-tools-for-stm32.11.3.rel1.win32_1.1.0.202305231506/tools/bin/../lib/gcc/arm-none-eabi/11.3.1/../../../../arm-none-eabi/lib/thumb/v7e-m+fp/hard\libc_nano.a(libc_a-mlock.o)
 .ARM.attributes
                0x00000000000005bb       0x34 C:/ST/STM32CubeIDE_1.10.1/STM32CubeIDE/plugins/com.st.stm32cube.ide.mcu.externaltools.gnu-tools-for-stm32.11.3.rel1.win32_1.1.0.202305231506/tools/bin/../lib/gcc/arm-none-eabi/11.3.1/../../../../arm-none-eabi/lib/thumb/v7e-m+fp/hard\libc_nano.a(libc_a-nano-svfprintf.o)
 .ARM.attributes
                0x00000000000005ef       0x34 C:/ST/STM32CubeIDE_1.10.1/STM32CubeIDE/plugins/com.st.stm32cube.ide.mcu.externaltools.gnu-tools-for-stm32.11.3.rel1.win32_1.1.0.202305231506/tools/bin/../lib/gcc/arm-none-eabi/11.3.1/../../../../arm-none-eabi/lib/thumb/v7e-m+fp/hard\libc_nano.a(libc_a-nano-vfprintf_i.o)
 .ARM.attributes
                0x0000000000000623       0x34 C:/ST/STM32CubeIDE_1.10.1/STM32CubeIDE/plugins/com.st.stm32cube.ide.mcu.externaltools.gnu-tools-for-stm32.11.3.rel1.win32_1.1.0.202305231506/tools/bin/../lib/gcc/arm-none-eabi/11.3.1/../../../../arm-none-eabi/lib/thumb/v7e-m+fp/hard\libc_nano.a(libc_a-sbrkr.o)
 .ARM.attributes
                0x0000000000000657       0x1c C:/ST/STM32CubeIDE_1.10.1/STM32CubeIDE/plugins/com.st.stm32cube.ide.mcu.externaltools.gnu-tools-for-stm32.11.3.rel1.win32_1.1.0.202305231506/tools/bin/../lib/gcc/arm-none-eabi/11.3.1/../../../../arm-none-eabi/lib/thumb/v7e-m+fp/hard\libc_nano.a(libc_a-memchr.o)
 .ARM.attributes
                0x0000000000000673       0x34 C:/ST/STM32CubeIDE_1.10.1/STM32CubeIDE/plugins/com.st.stm32cube.ide.mcu.externaltools.gnu-tools-for-stm32.11.3.rel1.win32_1.1.0.202305231506/tools/bin/../lib/gcc/arm-none-eabi/11.3.1/../../../../arm-none-eabi/lib/thumb/v7e-m+fp/hard\libc_nano.a(libc_a-reallocr.o)
 .ARM.attributes
                0x00000000000006a7       0x34 C:/ST/STM32CubeIDE_1.10.1/STM32CubeIDE/plugins/com.st.stm32cube.ide.mcu.externaltools.gnu-tools-for-stm32.11.3.rel1.win32_1.1.0.202305231506/tools/bin/../lib/gcc/arm-none-eabi/11.3.1/../../../../arm-none-eabi/lib/thumb/v7e-m+fp/hard\libc_nano.a(libc_a-msizer.o)
 .ARM.attributes
                0x00000000000006db       0x34 C:/ST/STM32CubeIDE_1.10.1/STM32CubeIDE/plugins/com.st.stm32cube.ide.mcu.externaltools.gnu-tools-for-stm32.11.3.rel1.win32_1.1.0.202305231506/tools/bin/../lib/gcc/arm-none-eabi/11.3.1/../../../../arm-none-eabi/lib/thumb/v7e-m+fp/hard\libm.a(libm_a-sf_cos.o)
 .ARM.attributes
                0x000000000000070f       0x34 C:/ST/STM32CubeIDE_1.10.1/STM32CubeIDE/plugins/com.st.stm32cube.ide.mcu.externaltools.gnu-tools-for-stm32.11.3.rel1.win32_1.1.0.202305231506/tools/bin/../lib/gcc/arm-none-eabi/11.3.1/../../../../arm-none-eabi/lib/thumb/v7e-m+fp/hard\libm.a(libm_a-sf_sin.o)
 .ARM.attributes
                0x0000000000000743       0x34 C:/ST/STM32CubeIDE_1.10.1/STM32CubeIDE/plugins/com.st.stm32cube.ide.mcu.externaltools.gnu-tools-for-stm32.11.3.rel1.win32_1.1.0.202305231506/tools/bin/../lib/gcc/arm-none-eabi/11.3.1/../../../../arm-none-eabi/lib/thumb/v7e-m+fp/hard\libm.a(libm_a-kf_cos.o)
 .ARM.attributes
                0x0000000000000777       0x34 C:/ST/STM32CubeIDE_1.10.1/STM32CubeIDE/plugins/com.st.stm32cube.ide.mcu.externaltools.gnu-tools-for-stm32.11.3.rel1.win32_1.1.0.202305231506/tools/bin/../lib/gcc/arm-none-eabi/11.3.1/../../../../arm-none-eabi/lib/thumb/v7e-m+fp/hard\libm.a(libm_a-kf_sin.o)
 .ARM.attributes
                0x00000000000007ab       0x34 C:/ST/STM32CubeIDE_1.10.1/STM32CubeIDE/plugins/com.st.stm32cube.ide.mcu.externaltools.gnu-tools-for-stm32.11.3.rel1.win32_1.1.0.202305231506/tools/bin/../lib/gcc/arm-none-eabi/11.3.1/../../../../arm-none-eabi/lib/thumb/v7e-m+fp/hard\libm.a(libm_a-ef_rem_pio2.o)
 .ARM.attributes
                0x00000000000007df       0x34 C:/ST/STM32CubeIDE_1.10.1/STM32CubeIDE/plugins/com.st.stm32cube.ide.mcu.externaltools.gnu-tools-for-stm32.11.3.rel1.win32_1.1.0.202305231506/tools/bin/../lib/gcc/arm-none-eabi/11.3.1/../../../../arm-none-eabi/lib/thumb/v7e-m+fp/hard\libm.a(libm_a-sf_fabs.o)
 .ARM.attributes
                0x0000000000000813       0x34 C:/ST/STM32CubeIDE_1.10.1/STM32CubeIDE/plugins/com.st.stm32cube.ide.mcu.externaltools.gnu-tools-for-stm32.11.3.rel1.win32_1.1.0.202305231506/tools/bin/../lib/gcc/arm-none-eabi/11.3.1/../../../../arm-none-eabi/lib/thumb/v7e-m+fp/hard\libm.a(libm_a-kf_rem_pio2.o)
 .ARM.attributes
                0x0000000000000847       0x34 C:/ST/STM32CubeIDE_1.10.1/STM32CubeIDE/plugins/com.st.stm32cube.ide.mcu.externaltools.gnu-tools-for-stm32.11.3.rel1.win32_1.1.0.202305231506/tools/bin/../lib/gcc/arm-none-eabi/11.3.1/../../../../arm-none-eabi/lib/thumb/v7e-m+fp/hard\libm.a(libm_a-sf_scalbn.o)
 .ARM.attributes
                0x000000000000087b       0x34 C:/ST/STM32CubeIDE_1.10.1/STM32CubeIDE/plugins/com.st.stm32cube.ide.mcu.externaltools.gnu-tools-for-stm32.11.3.rel1.win32_1.1.0.202305231506/tools/bin/../lib/gcc/arm-none-eabi/11.3.1/../../../../arm-none-eabi/lib/thumb/v7e-m+fp/hard\libm.a(libm_a-sf_floor.o)
 .ARM.attributes
                0x00000000000008af       0x1e C:/ST/STM32CubeIDE_1.10.1/STM32CubeIDE/plugins/com.st.stm32cube.ide.mcu.externaltools.gnu-tools-for-stm32.11.3.rel1.win32_1.1.0.202305231506/tools/bin/../lib/gcc/arm-none-eabi/11.3.1/thumb/v7e-m+fp/hard\libgcc.a(_arm_addsubdf3.o)
 .ARM.attributes
                0x00000000000008cd       0x1e C:/ST/STM32CubeIDE_1.10.1/STM32CubeIDE/plugins/com.st.stm32cube.ide.mcu.externaltools.gnu-tools-for-stm32.11.3.rel1.win32_1.1.0.202305231506/tools/bin/../lib/gcc/arm-none-eabi/11.3.1/thumb/v7e-m+fp/hard\libgcc.a(_arm_muldivdf3.o)
 .ARM.attributes
                0x00000000000008eb       0x1e C:/ST/STM32CubeIDE_1.10.1/STM32CubeIDE/plugins/com.st.stm32cube.ide.mcu.externaltools.gnu-tools-for-stm32.11.3.rel1.win32_1.1.0.202305231506/tools/bin/../lib/gcc/arm-none-eabi/11.3.1/thumb/v7e-m+fp/hard\libgcc.a(_arm_fixdfsi.o)
 .ARM.attributes
                0x0000000000000909       0x1e C:/ST/STM32CubeIDE_1.10.1/STM32CubeIDE/plugins/com.st.stm32cube.ide.mcu.externaltools.gnu-tools-for-stm32.11.3.rel1.win32_1.1.0.202305231506/tools/bin/../lib/gcc/arm-none-eabi/11.3.1/thumb/v7e-m+fp/hard\libgcc.a(_aeabi_uldivmod.o)
 .ARM.attributes
                0x0000000000000927       0x34 C:/ST/STM32CubeIDE_1.10.1/STM32CubeIDE/plugins/com.st.stm32cube.ide.mcu.externaltools.gnu-tools-for-stm32.11.3.rel1.win32_1.1.0.202305231506/tools/bin/../lib/gcc/arm-none-eabi/11.3.1/thumb/v7e-m+fp/hard\libgcc.a(_udivmoddi4.o)
 .ARM.attributes
                0x000000000000095b       0x1e C:/ST/STM32CubeIDE_1.10.1/STM32CubeIDE/plugins/com.st.stm32cube.ide.mcu.externaltools.gnu-tools-for-stm32.11.3.rel1.win32_1.1.0.202305231506/tools/bin/../lib/gcc/arm-none-eabi/11.3.1/thumb/v7e-m+fp/hard\libgcc.a(_dvmd_tls.o)
 .ARM.attributes
                0x0000000000000979       0x1e C:/ST/STM32CubeIDE_1.10.1/STM32CubeIDE/plugins/com.st.stm32cube.ide.mcu.externaltools.gnu-tools-for-stm32.11.3.rel1.win32_1.1.0.202305231506/tools/bin/../lib/gcc/arm-none-eabi/11.3.1/thumb/v7e-m+fp/hard/crtn.o
OUTPUT(3laser.elf elf32-littlearm)
LOAD linker stubs
LOAD C:/ST/STM32CubeIDE_1.10.1/STM32CubeIDE/plugins/com.st.stm32cube.ide.mcu.externaltools.gnu-tools-for-stm32.11.3.rel1.win32_1.1.0.202305231506/tools/bin/../lib/gcc/arm-none-eabi/11.3.1/../../../../arm-none-eabi/lib/thumb/v7e-m+fp/hard\libc.a
LOAD C:/ST/STM32CubeIDE_1.10.1/STM32CubeIDE/plugins/com.st.stm32cube.ide.mcu.externaltools.gnu-tools-for-stm32.11.3.rel1.win32_1.1.0.202305231506/tools/bin/../lib/gcc/arm-none-eabi/11.3.1/../../../../arm-none-eabi/lib/thumb/v7e-m+fp/hard\libm.a
LOAD C:/ST/STM32CubeIDE_1.10.1/STM32CubeIDE/plugins/com.st.stm32cube.ide.mcu.externaltools.gnu-tools-for-stm32.11.3.rel1.win32_1.1.0.202305231506/tools/bin/../lib/gcc/arm-none-eabi/11.3.1/thumb/v7e-m+fp/hard\libgcc.a

.comment        0x0000000000000000       0x43
 .comment       0x0000000000000000       0x43 C:/ST/STM32CubeIDE_1.10.1/STM32CubeIDE/plugins/com.st.stm32cube.ide.mcu.externaltools.gnu-tools-for-stm32.11.3.rel1.win32_1.1.0.202305231506/tools/bin/../lib/gcc/arm-none-eabi/11.3.1/thumb/v7e-m+fp/hard/crtbegin.o
                                         0x44 (size before relaxing)
 .comment       0x0000000000000043       0x44 ./Core/Src/main.o
 .comment       0x0000000000000043       0x44 ./Core/Src/ssd1306.o
 .comment       0x0000000000000043       0x44 ./Core/Src/ssd1306_fonts.o
 .comment       0x0000000000000043       0x44 ./Core/Src/ssd1306_tests.o
 .comment       0x0000000000000043       0x44 ./Core/Src/stm32f4xx_hal_msp.o
 .comment       0x0000000000000043       0x44 ./Core/Src/stm32f4xx_it.o
 .comment       0x0000000000000043       0x44 ./Core/Src/sysmem.o
 .comment       0x0000000000000043       0x44 ./Core/Src/system_stm32f4xx.o
 .comment       0x0000000000000043       0x44 ./Drivers/STM32F4xx_HAL_Driver/Src/stm32f4xx_hal.o
 .comment       0x0000000000000043       0x44 ./Drivers/STM32F4xx_HAL_Driver/Src/stm32f4xx_hal_cortex.o
 .comment       0x0000000000000043       0x44 ./Drivers/STM32F4xx_HAL_Driver/Src/stm32f4xx_hal_gpio.o
 .comment       0x0000000000000043       0x44 ./Drivers/STM32F4xx_HAL_Driver/Src/stm32f4xx_hal_i2c.o
 .comment       0x0000000000000043       0x44 ./Drivers/STM32F4xx_HAL_Driver/Src/stm32f4xx_hal_rcc.o

.debug_info     0x0000000000000000     0x8131
 .debug_info    0x0000000000000000      0xa99 ./Core/Src/main.o
 .debug_info    0x0000000000000a99     0x1290 ./Core/Src/ssd1306.o
 .debug_info    0x0000000000001d29      0x2a4 ./Core/Src/ssd1306_fonts.o
 .debug_info    0x0000000000001fcd      0x6b3 ./Core/Src/ssd1306_tests.o
 .debug_info    0x0000000000002680      0x98d ./Core/Src/stm32f4xx_hal_msp.o
 .debug_info    0x000000000000300d      0x112 ./Core/Src/stm32f4xx_it.o
 .debug_info    0x000000000000311f      0x168 ./Core/Src/sysmem.o
 .debug_info    0x0000000000003287      0x53e ./Core/Src/system_stm32f4xx.o
 .debug_info    0x00000000000037c5       0x23 ./Core/Startup/startup_stm32f401ccux.o
 .debug_info    0x00000000000037e8      0x8bb ./Drivers/STM32F4xx_HAL_Driver/Src/stm32f4xx_hal.o
 .debug_info    0x00000000000040a3      0xcb0 ./Drivers/STM32F4xx_HAL_Driver/Src/stm32f4xx_hal_cortex.o
 .debug_info    0x0000000000004d53      0x6f9 ./Drivers/STM32F4xx_HAL_Driver/Src/stm32f4xx_hal_gpio.o
 .debug_info    0x000000000000544c     0x23f2 ./Drivers/STM32F4xx_HAL_Driver/Src/stm32f4xx_hal_i2c.o
 .debug_info    0x000000000000783e      0x8f3 ./Drivers/STM32F4xx_HAL_Driver/Src/stm32f4xx_hal_rcc.o

.debug_abbrev   0x0000000000000000     0x196a
 .debug_abbrev  0x0000000000000000      0x24b ./Core/Src/main.o
 .debug_abbrev  0x000000000000024b      0x351 ./Core/Src/ssd1306.o
 .debug_abbrev  0x000000000000059c       0xcf ./Core/Src/ssd1306_fonts.o
 .debug_abbrev  0x000000000000066b      0x24a ./Core/Src/ssd1306_tests.o
 .debug_abbrev  0x00000000000008b5      0x1a4 ./Core/Src/stm32f4xx_hal_msp.o
 .debug_abbrev  0x0000000000000a59       0x73 ./Core/Src/stm32f4xx_it.o
 .debug_abbrev  0x0000000000000acc       0xbc ./Core/Src/sysmem.o
 .debug_abbrev  0x0000000000000b88      0x11a ./Core/Src/system_stm32f4xx.o
 .debug_abbrev  0x0000000000000ca2       0x12 ./Core/Startup/startup_stm32f401ccux.o
 .debug_abbrev  0x0000000000000cb4      0x24b ./Drivers/STM32F4xx_HAL_Driver/Src/stm32f4xx_hal.o
 .debug_abbrev  0x0000000000000eff      0x327 ./Drivers/STM32F4xx_HAL_Driver/Src/stm32f4xx_hal_cortex.o
 .debug_abbrev  0x0000000000001226      0x1d3 ./Drivers/STM32F4xx_HAL_Driver/Src/stm32f4xx_hal_gpio.o
 .debug_abbrev  0x00000000000013f9      0x2bc ./Drivers/STM32F4xx_HAL_Driver/Src/stm32f4xx_hal_i2c.o
 .debug_abbrev  0x00000000000016b5      0x2b5 ./Drivers/STM32F4xx_HAL_Driver/Src/stm32f4xx_hal_rcc.o

.debug_aranges  0x0000000000000000      0x850
 .debug_aranges
                0x0000000000000000       0x40 ./Core/Src/main.o
 .debug_aranges
                0x0000000000000040       0xe8 ./Core/Src/ssd1306.o
 .debug_aranges
                0x0000000000000128       0x18 ./Core/Src/ssd1306_fonts.o
 .debug_aranges
                0x0000000000000140       0x88 ./Core/Src/ssd1306_tests.o
 .debug_aranges
                0x00000000000001c8       0x30 ./Core/Src/stm32f4xx_hal_msp.o
 .debug_aranges
                0x00000000000001f8       0x60 ./Core/Src/stm32f4xx_it.o
 .debug_aranges
                0x0000000000000258       0x20 ./Core/Src/sysmem.o
 .debug_aranges
                0x0000000000000278       0x28 ./Core/Src/system_stm32f4xx.o
 .debug_aranges
                0x00000000000002a0       0x28 ./Core/Startup/startup_stm32f401ccux.o
 .debug_aranges
                0x00000000000002c8       0xf0 ./Drivers/STM32F4xx_HAL_Driver/Src/stm32f4xx_hal.o
 .debug_aranges
                0x00000000000003b8      0x118 ./Drivers/STM32F4xx_HAL_Driver/Src/stm32f4xx_hal_cortex.o
 .debug_aranges
                0x00000000000004d0       0x58 ./Drivers/STM32F4xx_HAL_Driver/Src/stm32f4xx_hal_gpio.o
 .debug_aranges
                0x0000000000000528      0x2a0 ./Drivers/STM32F4xx_HAL_Driver/Src/stm32f4xx_hal_i2c.o
 .debug_aranges
                0x00000000000007c8       0x88 ./Drivers/STM32F4xx_HAL_Driver/Src/stm32f4xx_hal_rcc.o

.debug_rnglists
                0x0000000000000000      0x647
 .debug_rnglists
                0x0000000000000000       0x2c ./Core/Src/main.o
 .debug_rnglists
                0x000000000000002c       0xb4 ./Core/Src/ssd1306.o
 .debug_rnglists
                0x00000000000000e0       0x67 ./Core/Src/ssd1306_tests.o
 .debug_rnglists
                0x0000000000000147       0x20 ./Core/Src/stm32f4xx_hal_msp.o
 .debug_rnglists
                0x0000000000000167       0x43 ./Core/Src/stm32f4xx_it.o
 .debug_rnglists
                0x00000000000001aa       0x13 ./Core/Src/sysmem.o
 .debug_rnglists
                0x00000000000001bd       0x1a ./Core/Src/system_stm32f4xx.o
 .debug_rnglists
                0x00000000000001d7       0x19 ./Core/Startup/startup_stm32f401ccux.o
 .debug_rnglists
                0x00000000000001f0       0xaf ./Drivers/STM32F4xx_HAL_Driver/Src/stm32f4xx_hal.o
 .debug_rnglists
                0x000000000000029f       0xce ./Drivers/STM32F4xx_HAL_Driver/Src/stm32f4xx_hal_cortex.o
 .debug_rnglists
                0x000000000000036d       0x3f ./Drivers/STM32F4xx_HAL_Driver/Src/stm32f4xx_hal_gpio.o
 .debug_rnglists
                0x00000000000003ac      0x235 ./Drivers/STM32F4xx_HAL_Driver/Src/stm32f4xx_hal_i2c.o
 .debug_rnglists
                0x00000000000005e1       0x66 ./Drivers/STM32F4xx_HAL_Driver/Src/stm32f4xx_hal_rcc.o

.debug_macro    0x0000000000000000    0x160e6
 .debug_macro   0x0000000000000000      0x23b ./Core/Src/main.o
 .debug_macro   0x000000000000023b      0xaa8 ./Core/Src/main.o
 .debug_macro   0x0000000000000ce3      0x295 ./Core/Src/main.o
 .debug_macro   0x0000000000000f78       0x2e ./Core/Src/main.o
 .debug_macro   0x0000000000000fa6       0x28 ./Core/Src/main.o
 .debug_macro   0x0000000000000fce       0x22 ./Core/Src/main.o
 .debug_macro   0x0000000000000ff0       0x8e ./Core/Src/main.o
 .debug_macro   0x000000000000107e       0x51 ./Core/Src/main.o
 .debug_macro   0x00000000000010cf      0x103 ./Core/Src/main.o
 .debug_macro   0x00000000000011d2       0x6a ./Core/Src/main.o
 .debug_macro   0x000000000000123c      0x1df ./Core/Src/main.o
 .debug_macro   0x000000000000141b       0x1c ./Core/Src/main.o
 .debug_macro   0x0000000000001437       0x22 ./Core/Src/main.o
 .debug_macro   0x0000000000001459       0xd9 ./Core/Src/main.o
 .debug_macro   0x0000000000001532     0x102d ./Core/Src/main.o
 .debug_macro   0x000000000000255f      0x11f ./Core/Src/main.o
 .debug_macro   0x000000000000267e     0xb86c ./Core/Src/main.o
 .debug_macro   0x000000000000deea       0x6d ./Core/Src/main.o
 .debug_macro   0x000000000000df57     0x367e ./Core/Src/main.o
 .debug_macro   0x00000000000115d5      0x174 ./Core/Src/main.o
 .debug_macro   0x0000000000011749       0x5c ./Core/Src/main.o
 .debug_macro   0x00000000000117a5      0x416 ./Core/Src/main.o
 .debug_macro   0x0000000000011bbb      0x9fe ./Core/Src/main.o
 .debug_macro   0x00000000000125b9      0x115 ./Core/Src/main.o
 .debug_macro   0x00000000000126ce       0xf8 ./Core/Src/main.o
 .debug_macro   0x00000000000127c6       0xa5 ./Core/Src/main.o
 .debug_macro   0x000000000001286b      0x15f ./Core/Src/main.o
 .debug_macro   0x00000000000129ca      0x287 ./Core/Src/main.o
 .debug_macro   0x0000000000012c51       0x5f ./Core/Src/main.o
 .debug_macro   0x0000000000012cb0      0x236 ./Core/Src/main.o
 .debug_macro   0x0000000000012ee6      0x132 ./Core/Src/main.o
 .debug_macro   0x0000000000013018      0x23a ./Core/Src/main.o
 .debug_macro   0x0000000000013252       0x2e ./Core/Src/main.o
 .debug_macro   0x0000000000013280      0x1b5 ./Core/Src/main.o
 .debug_macro   0x0000000000013435       0x22 ./Core/Src/main.o
 .debug_macro   0x0000000000013457       0xd6 ./Core/Src/main.o
 .debug_macro   0x000000000001352d      0x11a ./Core/Src/main.o
 .debug_macro   0x0000000000013647       0x85 ./Core/Src/main.o
 .debug_macro   0x00000000000136cc       0x89 ./Core/Src/main.o
 .debug_macro   0x0000000000013755      0x126 ./Core/Src/main.o
 .debug_macro   0x000000000001387b       0x61 ./Core/Src/main.o
 .debug_macro   0x00000000000138dc       0x2a ./Core/Src/main.o
 .debug_macro   0x0000000000013906       0x43 ./Core/Src/main.o
 .debug_macro   0x0000000000013949       0x34 ./Core/Src/main.o
 .debug_macro   0x000000000001397d       0x46 ./Core/Src/main.o
 .debug_macro   0x00000000000139c3       0x52 ./Core/Src/main.o
 .debug_macro   0x0000000000013a15      0x2f4 ./Core/Src/ssd1306.o
 .debug_macro   0x0000000000013d09       0x28 ./Core/Src/ssd1306.o
 .debug_macro   0x0000000000013d31       0x16 ./Core/Src/ssd1306.o
 .debug_macro   0x0000000000013d47       0x43 ./Core/Src/ssd1306.o
 .debug_macro   0x0000000000013d8a       0x34 ./Core/Src/ssd1306.o
 .debug_macro   0x0000000000013dbe       0x10 ./Core/Src/ssd1306.o
 .debug_macro   0x0000000000013dce       0x58 ./Core/Src/ssd1306.o
 .debug_macro   0x0000000000013e26       0x8e ./Core/Src/ssd1306.o
 .debug_macro   0x0000000000013eb4       0x1c ./Core/Src/ssd1306.o
 .debug_macro   0x0000000000013ed0      0x177 ./Core/Src/ssd1306.o
 .debug_macro   0x0000000000014047      0x369 ./Core/Src/ssd1306.o
 .debug_macro   0x00000000000143b0      0x19b ./Core/Src/ssd1306.o
 .debug_macro   0x000000000001454b       0x16 ./Core/Src/ssd1306.o
 .debug_macro   0x0000000000014561       0x35 ./Core/Src/ssd1306.o
 .debug_macro   0x0000000000014596       0x16 ./Core/Src/ssd1306.o
 .debug_macro   0x00000000000145ac       0x29 ./Core/Src/ssd1306.o
 .debug_macro   0x00000000000145d5       0x16 ./Core/Src/ssd1306.o
 .debug_macro   0x00000000000145eb       0x20 ./Core/Src/ssd1306.o
 .debug_macro   0x000000000001460b      0x21f ./Core/Src/ssd1306_fonts.o
 .debug_macro   0x000000000001482a      0x2f9 ./Core/Src/ssd1306_tests.o
 .debug_macro   0x0000000000014b23       0x5b ./Core/Src/ssd1306_tests.o
 .debug_macro   0x0000000000014b7e       0x94 ./Core/Src/ssd1306_tests.o
 .debug_macro   0x0000000000014c12       0x57 ./Core/Src/ssd1306_tests.o
 .debug_macro   0x0000000000014c69       0x10 ./Core/Src/ssd1306_tests.o
 .debug_macro   0x0000000000014c79       0x1c ./Core/Src/ssd1306_tests.o
 .debug_macro   0x0000000000014c95       0x10 ./Core/Src/ssd1306_tests.o
 .debug_macro   0x0000000000014ca5       0x1c ./Core/Src/ssd1306_tests.o
 .debug_macro   0x0000000000014cc1       0x16 ./Core/Src/ssd1306_tests.o
 .debug_macro   0x0000000000014cd7      0x147 ./Core/Src/ssd1306_tests.o
 .debug_macro   0x0000000000014e1e       0x56 ./Core/Src/ssd1306_tests.o
 .debug_macro   0x0000000000014e74      0x1d3 ./Core/Src/stm32f4xx_hal_msp.o
 .debug_macro   0x0000000000015047      0x1dd ./Core/Src/stm32f4xx_it.o
 .debug_macro   0x0000000000015224       0xff ./Core/Src/sysmem.o
 .debug_macro   0x0000000000015323      0x23c ./Core/Src/sysmem.o
 .debug_macro   0x000000000001555f      0x1c9 ./Core/Src/system_stm32f4xx.o
 .debug_macro   0x0000000000015728      0x229 ./Drivers/STM32F4xx_HAL_Driver/Src/stm32f4xx_hal.o
 .debug_macro   0x0000000000015951      0x1c9 ./Drivers/STM32F4xx_HAL_Driver/Src/stm32f4xx_hal_cortex.o
 .debug_macro   0x0000000000015b1a      0x1cf ./Drivers/STM32F4xx_HAL_Driver/Src/stm32f4xx_hal_gpio.o
 .debug_macro   0x0000000000015ce9      0x210 ./Drivers/STM32F4xx_HAL_Driver/Src/stm32f4xx_hal_i2c.o
 .debug_macro   0x0000000000015ef9      0x1ed ./Drivers/STM32F4xx_HAL_Driver/Src/stm32f4xx_hal_rcc.o

.debug_line     0x0000000000000000     0xb4e8
 .debug_line    0x0000000000000000      0x91e ./Core/Src/main.o
 .debug_line    0x000000000000091e     0x115a ./Core/Src/ssd1306.o
 .debug_line    0x0000000000001a78      0x825 ./Core/Src/ssd1306_fonts.o
 .debug_line    0x000000000000229d      0xb9b ./Core/Src/ssd1306_tests.o
 .debug_line    0x0000000000002e38      0x78e ./Core/Src/stm32f4xx_hal_msp.o
 .debug_line    0x00000000000035c6      0x7f1 ./Core/Src/stm32f4xx_it.o
 .debug_line    0x0000000000003db7      0x579 ./Core/Src/sysmem.o
 .debug_line    0x0000000000004330      0x7b0 ./Core/Src/system_stm32f4xx.o
 .debug_line    0x0000000000004ae0       0x7a ./Core/Startup/startup_stm32f401ccux.o
 .debug_line    0x0000000000004b5a      0xa16 ./Drivers/STM32F4xx_HAL_Driver/Src/stm32f4xx_hal.o
 .debug_line    0x0000000000005570      0xcc5 ./Drivers/STM32F4xx_HAL_Driver/Src/stm32f4xx_hal_cortex.o
 .debug_line    0x0000000000006235      0xb4e ./Drivers/STM32F4xx_HAL_Driver/Src/stm32f4xx_hal_gpio.o
 .debug_line    0x0000000000006d83     0x39d8 ./Drivers/STM32F4xx_HAL_Driver/Src/stm32f4xx_hal_i2c.o
 .debug_line    0x000000000000a75b      0xd8d ./Drivers/STM32F4xx_HAL_Driver/Src/stm32f4xx_hal_rcc.o

.debug_str      0x0000000000000000    0x85ace
 .debug_str     0x0000000000000000    0x7f436 ./Core/Src/main.o
                                      0x7f719 (size before relaxing)
 .debug_str     0x000000000007f436     0x3b54 ./Core/Src/ssd1306.o
                                      0x82fb2 (size before relaxing)
 .debug_str     0x0000000000082f8a       0x94 ./Core/Src/ssd1306_fonts.o
                                      0x7efb0 (size before relaxing)
 .debug_str     0x000000000008301e      0x7d6 ./Core/Src/ssd1306_tests.o
                                      0x8271d (size before relaxing)
 .debug_str     0x00000000000837f4       0xd3 ./Core/Src/stm32f4xx_hal_msp.o
                                      0x7f01d (size before relaxing)
 .debug_str     0x00000000000838c7       0xc9 ./Core/Src/stm32f4xx_it.o
                                      0x7e9ee (size before relaxing)
 .debug_str     0x0000000000083990      0x4dc ./Core/Src/sysmem.o
                                       0x6064 (size before relaxing)
 .debug_str     0x0000000000083e6c       0xdb ./Core/Src/system_stm32f4xx.o
                                      0x7eb2a (size before relaxing)
 .debug_str     0x0000000000083f47       0x34 ./Core/Startup/startup_stm32f401ccux.o
                                         0x76 (size before relaxing)
 .debug_str     0x0000000000083f7b      0x9a2 ./Drivers/STM32F4xx_HAL_Driver/Src/stm32f4xx_hal.o
                                      0x7f54c (size before relaxing)
 .debug_str     0x000000000008491d      0x34a ./Drivers/STM32F4xx_HAL_Driver/Src/stm32f4xx_hal_cortex.o
                                      0x7f26d (size before relaxing)
 .debug_str     0x0000000000084c67      0x15d ./Drivers/STM32F4xx_HAL_Driver/Src/stm32f4xx_hal_gpio.o
                                      0x7eca5 (size before relaxing)
 .debug_str     0x0000000000084dc4      0xaf7 ./Drivers/STM32F4xx_HAL_Driver/Src/stm32f4xx_hal_i2c.o
                                      0x7fae8 (size before relaxing)
 .debug_str     0x00000000000858bb      0x213 ./Drivers/STM32F4xx_HAL_Driver/Src/stm32f4xx_hal_rcc.o
                                      0x7ef5e (size before relaxing)

.debug_frame    0x0000000000000000     0x2910
 .debug_frame   0x0000000000000000       0xac ./Core/Src/main.o
 .debug_frame   0x00000000000000ac      0x3e4 ./Core/Src/ssd1306.o
 .debug_frame   0x0000000000000490      0x218 ./Core/Src/ssd1306_tests.o
 .debug_frame   0x00000000000006a8       0x80 ./Core/Src/stm32f4xx_hal_msp.o
 .debug_frame   0x0000000000000728      0x104 ./Core/Src/stm32f4xx_it.o
 .debug_frame   0x000000000000082c       0x34 ./Core/Src/sysmem.o
 .debug_frame   0x0000000000000860       0x58 ./Core/Src/system_stm32f4xx.o
 .debug_frame   0x00000000000008b8      0x374 ./Drivers/STM32F4xx_HAL_Driver/Src/stm32f4xx_hal.o
 .debug_frame   0x0000000000000c2c      0x498 ./Drivers/STM32F4xx_HAL_Driver/Src/stm32f4xx_hal_cortex.o
 .debug_frame   0x00000000000010c4      0x14c ./Drivers/STM32F4xx_HAL_Driver/Src/stm32f4xx_hal_gpio.o
 .debug_frame   0x0000000000001210      0xc5c ./Drivers/STM32F4xx_HAL_Driver/Src/stm32f4xx_hal_i2c.o
 .debug_frame   0x0000000000001e6c      0x1f4 ./Drivers/STM32F4xx_HAL_Driver/Src/stm32f4xx_hal_rcc.o
 .debug_frame   0x0000000000002060      0x13c C:/ST/STM32CubeIDE_1.10.1/STM32CubeIDE/plugins/com.st.stm32cube.ide.mcu.externaltools.gnu-tools-for-stm32.11.3.rel1.win32_1.1.0.202305231506/tools/bin/../lib/gcc/arm-none-eabi/11.3.1/../../../../arm-none-eabi/lib/thumb/v7e-m+fp/hard\libc_nano.a(libc_a-findfp.o)
 .debug_frame   0x000000000000219c       0x7c C:/ST/STM32CubeIDE_1.10.1/STM32CubeIDE/plugins/com.st.stm32cube.ide.mcu.externaltools.gnu-tools-for-stm32.11.3.rel1.win32_1.1.0.202305231506/tools/bin/../lib/gcc/arm-none-eabi/11.3.1/../../../../arm-none-eabi/lib/thumb/v7e-m+fp/hard\libc_nano.a(libc_a-snprintf.o)
 .debug_frame   0x0000000000002218       0x28 C:/ST/STM32CubeIDE_1.10.1/STM32CubeIDE/plugins/com.st.stm32cube.ide.mcu.externaltools.gnu-tools-for-stm32.11.3.rel1.win32_1.1.0.202305231506/tools/bin/../lib/gcc/arm-none-eabi/11.3.1/../../../../arm-none-eabi/lib/thumb/v7e-m+fp/hard\libc_nano.a(libc_a-memmove.o)
 .debug_frame   0x0000000000002240       0x20 C:/ST/STM32CubeIDE_1.10.1/STM32CubeIDE/plugins/com.st.stm32cube.ide.mcu.externaltools.gnu-tools-for-stm32.11.3.rel1.win32_1.1.0.202305231506/tools/bin/../lib/gcc/arm-none-eabi/11.3.1/../../../../arm-none-eabi/lib/thumb/v7e-m+fp/hard\libc_nano.a(libc_a-memset.o)
 .debug_frame   0x0000000000002260       0x38 C:/ST/STM32CubeIDE_1.10.1/STM32CubeIDE/plugins/com.st.stm32cube.ide.mcu.externaltools.gnu-tools-for-stm32.11.3.rel1.win32_1.1.0.202305231506/tools/bin/../lib/gcc/arm-none-eabi/11.3.1/../../../../arm-none-eabi/lib/thumb/v7e-m+fp/hard\libc_nano.a(libc_a-reent.o)
 .debug_frame   0x0000000000002298       0x20 C:/ST/STM32CubeIDE_1.10.1/STM32CubeIDE/plugins/com.st.stm32cube.ide.mcu.externaltools.gnu-tools-for-stm32.11.3.rel1.win32_1.1.0.202305231506/tools/bin/../lib/gcc/arm-none-eabi/11.3.1/../../../../arm-none-eabi/lib/thumb/v7e-m+fp/hard\libc_nano.a(libc_a-errno.o)
 .debug_frame   0x00000000000022b8       0x2c C:/ST/STM32CubeIDE_1.10.1/STM32CubeIDE/plugins/com.st.stm32cube.ide.mcu.externaltools.gnu-tools-for-stm32.11.3.rel1.win32_1.1.0.202305231506/tools/bin/../lib/gcc/arm-none-eabi/11.3.1/../../../../arm-none-eabi/lib/thumb/v7e-m+fp/hard\libc_nano.a(libc_a-init.o)
 .debug_frame   0x00000000000022e4       0xb0 C:/ST/STM32CubeIDE_1.10.1/STM32CubeIDE/plugins/com.st.stm32cube.ide.mcu.externaltools.gnu-tools-for-stm32.11.3.rel1.win32_1.1.0.202305231506/tools/bin/../lib/gcc/arm-none-eabi/11.3.1/../../../../arm-none-eabi/lib/thumb/v7e-m+fp/hard\libc_nano.a(libc_a-lock.o)
 .debug_frame   0x0000000000002394       0x28 C:/ST/STM32CubeIDE_1.10.1/STM32CubeIDE/plugins/com.st.stm32cube.ide.mcu.externaltools.gnu-tools-for-stm32.11.3.rel1.win32_1.1.0.202305231506/tools/bin/../lib/gcc/arm-none-eabi/11.3.1/../../../../arm-none-eabi/lib/thumb/v7e-m+fp/hard\libc_nano.a(libc_a-memcpy-stub.o)
 .debug_frame   0x00000000000023bc       0x38 C:/ST/STM32CubeIDE_1.10.1/STM32CubeIDE/plugins/com.st.stm32cube.ide.mcu.externaltools.gnu-tools-for-stm32.11.3.rel1.win32_1.1.0.202305231506/tools/bin/../lib/gcc/arm-none-eabi/11.3.1/../../../../arm-none-eabi/lib/thumb/v7e-m+fp/hard\libc_nano.a(libc_a-freer.o)
 .debug_frame   0x00000000000023f4       0x50 C:/ST/STM32CubeIDE_1.10.1/STM32CubeIDE/plugins/com.st.stm32cube.ide.mcu.externaltools.gnu-tools-for-stm32.11.3.rel1.win32_1.1.0.202305231506/tools/bin/../lib/gcc/arm-none-eabi/11.3.1/../../../../arm-none-eabi/lib/thumb/v7e-m+fp/hard\libc_nano.a(libc_a-mallocr.o)
 .debug_frame   0x0000000000002444       0x30 C:/ST/STM32CubeIDE_1.10.1/STM32CubeIDE/plugins/com.st.stm32cube.ide.mcu.externaltools.gnu-tools-for-stm32.11.3.rel1.win32_1.1.0.202305231506/tools/bin/../lib/gcc/arm-none-eabi/11.3.1/../../../../arm-none-eabi/lib/thumb/v7e-m+fp/hard\libc_nano.a(libc_a-mlock.o)
 .debug_frame   0x0000000000002474       0x90 C:/ST/STM32CubeIDE_1.10.1/STM32CubeIDE/plugins/com.st.stm32cube.ide.mcu.externaltools.gnu-tools-for-stm32.11.3.rel1.win32_1.1.0.202305231506/tools/bin/../lib/gcc/arm-none-eabi/11.3.1/../../../../arm-none-eabi/lib/thumb/v7e-m+fp/hard\libc_nano.a(libc_a-nano-svfprintf.o)
 .debug_frame   0x0000000000002504       0x60 C:/ST/STM32CubeIDE_1.10.1/STM32CubeIDE/plugins/com.st.stm32cube.ide.mcu.externaltools.gnu-tools-for-stm32.11.3.rel1.win32_1.1.0.202305231506/tools/bin/../lib/gcc/arm-none-eabi/11.3.1/../../../../arm-none-eabi/lib/thumb/v7e-m+fp/hard\libc_nano.a(libc_a-nano-vfprintf_i.o)
 .debug_frame   0x0000000000002564       0x2c C:/ST/STM32CubeIDE_1.10.1/STM32CubeIDE/plugins/com.st.stm32cube.ide.mcu.externaltools.gnu-tools-for-stm32.11.3.rel1.win32_1.1.0.202305231506/tools/bin/../lib/gcc/arm-none-eabi/11.3.1/../../../../arm-none-eabi/lib/thumb/v7e-m+fp/hard\libc_nano.a(libc_a-sbrkr.o)
 .debug_frame   0x0000000000002590       0x3c C:/ST/STM32CubeIDE_1.10.1/STM32CubeIDE/plugins/com.st.stm32cube.ide.mcu.externaltools.gnu-tools-for-stm32.11.3.rel1.win32_1.1.0.202305231506/tools/bin/../lib/gcc/arm-none-eabi/11.3.1/../../../../arm-none-eabi/lib/thumb/v7e-m+fp/hard\libc_nano.a(libc_a-reallocr.o)
 .debug_frame   0x00000000000025cc       0x20 C:/ST/STM32CubeIDE_1.10.1/STM32CubeIDE/plugins/com.st.stm32cube.ide.mcu.externaltools.gnu-tools-for-stm32.11.3.rel1.win32_1.1.0.202305231506/tools/bin/../lib/gcc/arm-none-eabi/11.3.1/../../../../arm-none-eabi/lib/thumb/v7e-m+fp/hard\libc_nano.a(libc_a-msizer.o)
 .debug_frame   0x00000000000025ec       0x38 C:/ST/STM32CubeIDE_1.10.1/STM32CubeIDE/plugins/com.st.stm32cube.ide.mcu.externaltools.gnu-tools-for-stm32.11.3.rel1.win32_1.1.0.202305231506/tools/bin/../lib/gcc/arm-none-eabi/11.3.1/../../../../arm-none-eabi/lib/thumb/v7e-m+fp/hard\libm.a(libm_a-sf_cos.o)
 .debug_frame   0x0000000000002624       0x38 C:/ST/STM32CubeIDE_1.10.1/STM32CubeIDE/plugins/com.st.stm32cube.ide.mcu.externaltools.gnu-tools-for-stm32.11.3.rel1.win32_1.1.0.202305231506/tools/bin/../lib/gcc/arm-none-eabi/11.3.1/../../../../arm-none-eabi/lib/thumb/v7e-m+fp/hard\libm.a(libm_a-sf_sin.o)
 .debug_frame   0x000000000000265c       0x20 C:/ST/STM32CubeIDE_1.10.1/STM32CubeIDE/plugins/com.st.stm32cube.ide.mcu.externaltools.gnu-tools-for-stm32.11.3.rel1.win32_1.1.0.202305231506/tools/bin/../lib/gcc/arm-none-eabi/11.3.1/../../../../arm-none-eabi/lib/thumb/v7e-m+fp/hard\libm.a(libm_a-kf_cos.o)
 .debug_frame   0x000000000000267c       0x20 C:/ST/STM32CubeIDE_1.10.1/STM32CubeIDE/plugins/com.st.stm32cube.ide.mcu.externaltools.gnu-tools-for-stm32.11.3.rel1.win32_1.1.0.202305231506/tools/bin/../lib/gcc/arm-none-eabi/11.3.1/../../../../arm-none-eabi/lib/thumb/v7e-m+fp/hard\libm.a(libm_a-kf_sin.o)
 .debug_frame   0x000000000000269c       0x38 C:/ST/STM32CubeIDE_1.10.1/STM32CubeIDE/plugins/com.st.stm32cube.ide.mcu.externaltools.gnu-tools-for-stm32.11.3.rel1.win32_1.1.0.202305231506/tools/bin/../lib/gcc/arm-none-eabi/11.3.1/../../../../arm-none-eabi/lib/thumb/v7e-m+fp/hard\libm.a(libm_a-ef_rem_pio2.o)
 .debug_frame   0x00000000000026d4       0x20 C:/ST/STM32CubeIDE_1.10.1/STM32CubeIDE/plugins/com.st.stm32cube.ide.mcu.externaltools.gnu-tools-for-stm32.11.3.rel1.win32_1.1.0.202305231506/tools/bin/../lib/gcc/arm-none-eabi/11.3.1/../../../../arm-none-eabi/lib/thumb/v7e-m+fp/hard\libm.a(libm_a-sf_fabs.o)
 .debug_frame   0x00000000000026f4       0x5c C:/ST/STM32CubeIDE_1.10.1/STM32CubeIDE/plugins/com.st.stm32cube.ide.mcu.externaltools.gnu-tools-for-stm32.11.3.rel1.win32_1.1.0.202305231506/tools/bin/../lib/gcc/arm-none-eabi/11.3.1/../../../../arm-none-eabi/lib/thumb/v7e-m+fp/hard\libm.a(libm_a-kf_rem_pio2.o)
 .debug_frame   0x0000000000002750       0x20 C:/ST/STM32CubeIDE_1.10.1/STM32CubeIDE/plugins/com.st.stm32cube.ide.mcu.externaltools.gnu-tools-for-stm32.11.3.rel1.win32_1.1.0.202305231506/tools/bin/../lib/gcc/arm-none-eabi/11.3.1/../../../../arm-none-eabi/lib/thumb/v7e-m+fp/hard\libm.a(libm_a-sf_scalbn.o)
 .debug_frame   0x0000000000002770       0x20 C:/ST/STM32CubeIDE_1.10.1/STM32CubeIDE/plugins/com.st.stm32cube.ide.mcu.externaltools.gnu-tools-for-stm32.11.3.rel1.win32_1.1.0.202305231506/tools/bin/../lib/gcc/arm-none-eabi/11.3.1/../../../../arm-none-eabi/lib/thumb/v7e-m+fp/hard\libm.a(libm_a-sf_floor.o)
 .debug_frame   0x0000000000002790       0xac C:/ST/STM32CubeIDE_1.10.1/STM32CubeIDE/plugins/com.st.stm32cube.ide.mcu.externaltools.gnu-tools-for-stm32.11.3.rel1.win32_1.1.0.202305231506/tools/bin/../lib/gcc/arm-none-eabi/11.3.1/thumb/v7e-m+fp/hard\libgcc.a(_arm_addsubdf3.o)
 .debug_frame   0x000000000000283c       0x50 C:/ST/STM32CubeIDE_1.10.1/STM32CubeIDE/plugins/com.st.stm32cube.ide.mcu.externaltools.gnu-tools-for-stm32.11.3.rel1.win32_1.1.0.202305231506/tools/bin/../lib/gcc/arm-none-eabi/11.3.1/thumb/v7e-m+fp/hard\libgcc.a(_arm_muldivdf3.o)
 .debug_frame   0x000000000000288c       0x24 C:/ST/STM32CubeIDE_1.10.1/STM32CubeIDE/plugins/com.st.stm32cube.ide.mcu.externaltools.gnu-tools-for-stm32.11.3.rel1.win32_1.1.0.202305231506/tools/bin/../lib/gcc/arm-none-eabi/11.3.1/thumb/v7e-m+fp/hard\libgcc.a(_arm_fixdfsi.o)
 .debug_frame   0x00000000000028b0       0x2c C:/ST/STM32CubeIDE_1.10.1/STM32CubeIDE/plugins/com.st.stm32cube.ide.mcu.externaltools.gnu-tools-for-stm32.11.3.rel1.win32_1.1.0.202305231506/tools/bin/../lib/gcc/arm-none-eabi/11.3.1/thumb/v7e-m+fp/hard\libgcc.a(_aeabi_uldivmod.o)